Archive member included to satisfy reference by file (symbol)

/Applications/MCUXpressoIDE_11.6.1_8255/ide/plugins/com.nxp.mcuxpresso.tools.macosx_11.6.1.202207200623/tools/bin/../lib/gcc/arm-none-eabi/10.3.1/../../../../arm-none-eabi/lib/thumb/v6-m/nofp/libcr_semihost_nf.a(__ciob.o)
                              ./source/PES_FINAL_PROJECT.o (__Ciob)
/Applications/MCUXpressoIDE_11.6.1_8255/ide/plugins/com.nxp.mcuxpresso.tools.macosx_11.6.1.202207200623/tools/bin/../lib/gcc/arm-none-eabi/10.3.1/../../../../arm-none-eabi/lib/thumb/v6-m/nofp/libcr_semihost_nf.a(_cr__main.o)
                              ./startup/startup_mkl25z4.o (__main)
/Applications/MCUXpressoIDE_11.6.1_8255/ide/plugins/com.nxp.mcuxpresso.tools.macosx_11.6.1.202207200623/tools/bin/../lib/gcc/arm-none-eabi/10.3.1/../../../../arm-none-eabi/lib/thumb/v6-m/nofp/libcr_semihost_nf.a(_cr_assert.o)
                              ./source/Test_cbfifo.o (__assertion_failed)
/Applications/MCUXpressoIDE_11.6.1_8255/ide/plugins/com.nxp.mcuxpresso.tools.macosx_11.6.1.202207200623/tools/bin/../lib/gcc/arm-none-eabi/10.3.1/../../../../arm-none-eabi/lib/thumb/v6-m/nofp/libcr_semihost_nf.a(__sys_appexit.o)
                              /Applications/MCUXpressoIDE_11.6.1_8255/ide/plugins/com.nxp.mcuxpresso.tools.macosx_11.6.1.202207200623/tools/bin/../lib/gcc/arm-none-eabi/10.3.1/../../../../arm-none-eabi/lib/thumb/v6-m/nofp/libcr_semihost_nf.a(_cr_assert.o) (__sys_appexit)
/Applications/MCUXpressoIDE_11.6.1_8255/ide/plugins/com.nxp.mcuxpresso.tools.macosx_11.6.1.202207200623/tools/bin/../lib/gcc/arm-none-eabi/10.3.1/../../../../arm-none-eabi/lib/thumb/v6-m/nofp/libcr_c.a(memcpy.o)
                              ./drivers/fsl_flash.o (memcpy)
/Applications/MCUXpressoIDE_11.6.1_8255/ide/plugins/com.nxp.mcuxpresso.tools.macosx_11.6.1.202207200623/tools/bin/../lib/gcc/arm-none-eabi/10.3.1/../../../../arm-none-eabi/lib/thumb/v6-m/nofp/libcr_c.a(memset.o)
                              ./source/Command_Processor.o (memset)
/Applications/MCUXpressoIDE_11.6.1_8255/ide/plugins/com.nxp.mcuxpresso.tools.macosx_11.6.1.202207200623/tools/bin/../lib/gcc/arm-none-eabi/10.3.1/../../../../arm-none-eabi/lib/thumb/v6-m/nofp/libcr_c.a(__fillbuf.o)
                              ./source/PES_FINAL_PROJECT.o (__filbuf)
/Applications/MCUXpressoIDE_11.6.1_8255/ide/plugins/com.nxp.mcuxpresso.tools.macosx_11.6.1.202207200623/tools/bin/../lib/gcc/arm-none-eabi/10.3.1/../../../../arm-none-eabi/lib/thumb/v6-m/nofp/libcr_c.a(_deferredlazyseek.o)
                              /Applications/MCUXpressoIDE_11.6.1_8255/ide/plugins/com.nxp.mcuxpresso.tools.macosx_11.6.1.202207200623/tools/bin/../lib/gcc/arm-none-eabi/10.3.1/../../../../arm-none-eabi/lib/thumb/v6-m/nofp/libcr_c.a(__fillbuf.o) (_deferredlazyseek)
/Applications/MCUXpressoIDE_11.6.1_8255/ide/plugins/com.nxp.mcuxpresso.tools.macosx_11.6.1.202207200623/tools/bin/../lib/gcc/arm-none-eabi/10.3.1/../../../../arm-none-eabi/lib/thumb/v6-m/nofp/libcr_c.a(_fflush.o)
                              /Applications/MCUXpressoIDE_11.6.1_8255/ide/plugins/com.nxp.mcuxpresso.tools.macosx_11.6.1.202207200623/tools/bin/../lib/gcc/arm-none-eabi/10.3.1/../../../../arm-none-eabi/lib/thumb/v6-m/nofp/libcr_c.a(__fillbuf.o) (_fflush)
/Applications/MCUXpressoIDE_11.6.1_8255/ide/plugins/com.nxp.mcuxpresso.tools.macosx_11.6.1.202207200623/tools/bin/../lib/gcc/arm-none-eabi/10.3.1/../../../../arm-none-eabi/lib/thumb/v6-m/nofp/libcr_c.a(_writebuf.o)
                              /Applications/MCUXpressoIDE_11.6.1_8255/ide/plugins/com.nxp.mcuxpresso.tools.macosx_11.6.1.202207200623/tools/bin/../lib/gcc/arm-none-eabi/10.3.1/../../../../arm-none-eabi/lib/thumb/v6-m/nofp/libcr_c.a(_deferredlazyseek.o) (_Cwritebuf)
/Applications/MCUXpressoIDE_11.6.1_8255/ide/plugins/com.nxp.mcuxpresso.tools.macosx_11.6.1.202207200623/tools/bin/../lib/gcc/arm-none-eabi/10.3.1/../../../../arm-none-eabi/lib/thumb/v6-m/nofp/libcr_c.a(alloc.o)
                              /Applications/MCUXpressoIDE_11.6.1_8255/ide/plugins/com.nxp.mcuxpresso.tools.macosx_11.6.1.202207200623/tools/bin/../lib/gcc/arm-none-eabi/10.3.1/../../../../arm-none-eabi/lib/thumb/v6-m/nofp/libcr_c.a(__fillbuf.o) (_Csys_alloc)
/Applications/MCUXpressoIDE_11.6.1_8255/ide/plugins/com.nxp.mcuxpresso.tools.macosx_11.6.1.202207200623/tools/bin/../lib/gcc/arm-none-eabi/10.3.1/../../../../arm-none-eabi/lib/thumb/v6-m/nofp/libcr_c.a(atan2.o)
                              ./source/MMA8451.o (atan2)
/Applications/MCUXpressoIDE_11.6.1_8255/ide/plugins/com.nxp.mcuxpresso.tools.macosx_11.6.1.202207200623/tools/bin/../lib/gcc/arm-none-eabi/10.3.1/../../../../arm-none-eabi/lib/thumb/v6-m/nofp/libcr_c.a(errno.o)
                              /Applications/MCUXpressoIDE_11.6.1_8255/ide/plugins/com.nxp.mcuxpresso.tools.macosx_11.6.1.202207200623/tools/bin/../lib/gcc/arm-none-eabi/10.3.1/../../../../arm-none-eabi/lib/thumb/v6-m/nofp/libcr_c.a(atan2.o) (errno)
[...]
Memory Configuration

Name             Origin             Length             Attributes
PROGRAM_FLASH    0x0000000000000000 0x0000000000020000 xr
SRAM             0x000000001ffff000 0x0000000000004000 xrw
*default*        0x0000000000000000 0xffffffffffffffff

Linker script and memory map

LOAD ./utilities/fsl_debug_console.o
LOAD ./startup/startup_mkl25z4.o
LOAD ./source/Command_Processor.o
LOAD ./source/GPIO_RESET.o
LOAD ./source/I2C.o
LOAD ./source/MMA8451.o
LOAD ./source/PES_FINAL_PROJECT.o
LOAD ./source/PWM.o
LOAD ./source/State_Machine.o
LOAD ./source/Systick.o
LOAD ./source/TSI_Init.o
LOAD ./source/Test_MMA8451.o
LOAD ./source/Test_cbfifo.o
LOAD ./source/UART.o
LOAD ./source/cbfifo.o
LOAD ./source/mtb.o
LOAD ./source/semihost_hardfault.o
LOAD ./source/sysclock.o
LOAD ./drivers/fsl_clock.o
LOAD ./drivers/fsl_common.o
LOAD ./drivers/fsl_flash.o
LOAD ./drivers/fsl_gpio.o
LOAD ./drivers/fsl_lpsci.o
LOAD ./drivers/fsl_smc.o
LOAD ./drivers/fsl_uart.o
LOAD ./board/board.o
LOAD ./board/clock_config.o
LOAD ./board/peripherals.o
LOAD ./board/pin_mux.o
LOAD ./CMSIS/system_MKL25Z4.o
START GROUP
LOAD /Applications/MCUXpressoIDE_11.6.1_8255/ide/plugins/com.nxp.mcuxpresso.tools.macosx_11.6.1.202207200623/tools/bin/../lib/gcc/arm-none-eabi/10.3.1/../../../../arm-none-eabi/lib/thumb/v6-m/nofp/libcr_semihost_nf.a
LOAD /Applications/MCUXpressoIDE_11.6.1_8255/ide/plugins/com.nxp.mcuxpresso.tools.macosx_11.6.1.202207200623/tools/bin/../lib/gcc/arm-none-eabi/10.3.1/../../../../arm-none-eabi/lib/thumb/v6-m/nofp/libcr_c.a
LOAD /Applications/MCUXpressoIDE_11.6.1_8255/ide/plugins/com.nxp.mcuxpresso.tools.macosx_11.6.1.202207200623/tools/bin/../lib/gcc/arm-none-eabi/10.3.1/thumb/v6-m/nofp/libcr_eabihelpers.a
LOAD /Applications/MCUXpressoIDE_11.6.1_8255/ide/plugins/com.nxp.mcuxpresso.tools.macosx_11.6.1.202207200623/tools/bin/../lib/gcc/arm-none-eabi/10.3.1/thumb/v6-m/nofp/libgcc.a
END GROUP
                0x0000000000000000                __base_PROGRAM_FLASH = 0x0
                0x0000000000000000                __base_Flash = 0x0
                0x0000000000020000                __top_PROGRAM_FLASH = 0x20000
                0x0000000000020000                __top_Flash = 0x20000
                0x000000001ffff000                __base_SRAM = 0x1ffff000
                0x000000001ffff000                __base_RAM = 0x1ffff000
                0x0000000020003000                __top_SRAM = 0x20003000
                0x0000000020003000                __top_RAM = 0x20003000

.text           0x0000000000000000     0x7f04
 FILL mask 0xff
                0x0000000000000000                __vectors_start__ = ABSOLUTE (.)
 *(SORT_BY_ALIGNMENT(.isr_vector))
 .isr_vector    0x0000000000000000       0xc0 ./startup/startup_mkl25z4.o
                0x0000000000000000                __Vectors
                0x0000000000000000                g_pfnVectors
                0x00000000000000c0                . = ALIGN (0x4)
                0x00000000000000c0                __section_table_start = .
                0x00000000000000c0                __data_section_table = .
                0x00000000000000c0        0x4 LONG 0x7f04 LOADADDR (.data)
                0x00000000000000c4        0x4 LONG 0x1ffff080 ADDR (.data)
                0x00000000000000c8        0x4 LONG 0x8 SIZEOF (.data)
                0x00000000000000cc                __data_section_table_end = .
                0x00000000000000cc                __bss_section_table = .
                0x00000000000000cc        0x4 LONG 0x1ffff088 ADDR (.bss)
                0x00000000000000d0        0x4 LONG 0x468 SIZEOF (.bss)
                0x00000000000000d4                __bss_section_table_end = .
                0x00000000000000d4                __section_table_end = .
 *(SORT_BY_ALIGNMENT(.after_vectors*))
 .after_vectors.reset
                0x00000000000000d4       0x4c ./startup/startup_mkl25z4.o
                0x00000000000000d4                ResetISR
 .after_vectors.init_data
                0x0000000000000120       0x12 ./startup/startup_mkl25z4.o
                0x0000000000000120                data_init
 .after_vectors.init_bss
                0x0000000000000132       0x10 ./startup/startup_mkl25z4.o
                0x0000000000000132                bss_init
 .after_vectors
                0x0000000000000142      0x10c ./startup/startup_mkl25z4.o
                0x0000000000000142                NMI_Handler
                0x0000000000000146                SVC_Handler
                0x0000000000000148                PendSV_Handler
                0x000000000000014c                SPI1_DriverIRQHandler
                0x000000000000014c                LPTMR0_DriverIRQHandler
                0x000000000000014c                TSI0_DriverIRQHandler
                0x000000000000014c                Reserved39_DriverIRQHandler
                0x000000000000014c                DMA0_DriverIRQHandler
                0x000000000000014c                TPM2_DriverIRQHandler
                0x000000000000014c                PIT_DriverIRQHandler
                0x000000000000014c                RTC_Seconds_DriverIRQHandler
                0x000000000000014c                LLWU_DriverIRQHandler
                0x000000000000014c                MCG_DriverIRQHandler
                0x000000000000014c                FTFA_DriverIRQHandler
                0x000000000000014c                IntDefaultHandler
                0x000000000000014c                USB0_DriverIRQHandler
                0x000000000000014c                DAC0_DriverIRQHandler
                0x000000000000014c                LVD_LVW_DriverIRQHandler
                0x000000000000014c                TPM0_DriverIRQHandler
                0x000000000000014c                Reserved20_DriverIRQHandler
                0x000000000000014c                DMA3_DriverIRQHandler
                0x000000000000014c                Reserved45_DriverIRQHandler
                0x000000000000014c                PORTA_DriverIRQHandler
                0x000000000000014c                TPM1_DriverIRQHandler
                0x000000000000014c                RTC_DriverIRQHandler
                0x000000000000014c                DMA1_DriverIRQHandler
                0x000000000000014c                I2C1_DriverIRQHandler
                0x000000000000014c                SPI0_DriverIRQHandler
                0x000000000000014c                ADC0_DriverIRQHandler
                0x000000000000014c                CMP0_DriverIRQHandler
                0x000000000000014c                DMA2_DriverIRQHandler
                0x000000000000014c                PORTD_DriverIRQHandler
                0x000000000000014c                I2C0_DriverIRQHandler
                0x000000000000014e                DMA0_IRQHandler
                0x0000000000000156                DMA1_IRQHandler
                0x000000000000015e                DMA2_IRQHandler
                0x0000000000000166                DMA3_IRQHandler
                0x000000000000016e                Reserved20_IRQHandler
                0x0000000000000176                FTFA_IRQHandler
                0x000000000000017e                LVD_LVW_IRQHandler
                0x0000000000000186                LLWU_IRQHandler
                0x000000000000018e                I2C0_IRQHandler
                0x0000000000000196                I2C1_IRQHandler
                0x000000000000019e                SPI0_IRQHandler
                0x00000000000001a6                SPI1_IRQHandler
                0x00000000000001b6                UART1_IRQHandler
                0x00000000000001be                UART2_IRQHandler
                0x00000000000001c6                ADC0_IRQHandler
                0x00000000000001ce                CMP0_IRQHandler
                0x00000000000001d6                TPM0_IRQHandler
                0x00000000000001de                TPM1_IRQHandler
                0x00000000000001e6                TPM2_IRQHandler
                0x00000000000001ee                RTC_IRQHandler
                0x00000000000001f6                RTC_Seconds_IRQHandler
                0x00000000000001fe                PIT_IRQHandler
                0x0000000000000206                Reserved39_IRQHandler
                0x000000000000020e                USB0_IRQHandler
                0x0000000000000216                DAC0_IRQHandler
                0x0000000000000226                MCG_IRQHandler
                0x000000000000022e                LPTMR0_IRQHandler
                0x0000000000000236                Reserved45_IRQHandler
                0x000000000000023e                PORTA_IRQHandler
                0x0000000000000400                . = 0x400
 *fill*         0x000000000000024e      0x1b2 ff
                0x0000000000000400                PROVIDE (__FLASH_CONFIG_START__ = .)
 *(SORT_BY_ALIGNMENT(.FlashConfig))
 .FlashConfig   0x0000000000000400       0x10 ./startup/startup_mkl25z4.o
                0x0000000000000400                Flash_Config
                0x0000000000000410                PROVIDE (__FLASH_CONFIG_END__ = .)
                0x0000000000000001                ASSERT (! ((__FLASH_CONFIG_START__ == __FLASH_CONFIG_END__)), Linker Flash Config Support Enabled, but no .FlashConfig section provided within application)
 *(SORT_BY_ALIGNMENT(.text*))
 .text.DbgConsole_Init
                0x0000000000000410       0xf4 ./utilities/fsl_debug_console.o
                0x0000000000000410                DbgConsole_Init
 .text.__sys_write
                0x0000000000000504       0x58 ./utilities/fsl_debug_console.o
                0x0000000000000504                __sys_write
 .text.author_handler
                0x000000000000055c       0x18 ./source/Command_Processor.o
                0x000000000000055c                author_handler
 .text.calibrate_handler
                0x0000000000000574       0x24 ./source/Command_Processor.o
                0x0000000000000574                calibrate_handler
 .text.help_handler
                0x0000000000000598       0x8c ./source/Command_Processor.o
                0x0000000000000598                help_handler
 .text.angle_handler
                0x0000000000000624       0x88 ./source/Command_Processor.o
                0x0000000000000624                angle_handler
 .text.yes_handler
                0x00000000000006ac       0x14 ./source/Command_Processor.o
                0x00000000000006ac                yes_handler
 .text.no_handler
                0x00000000000006c0       0x14 ./source/Command_Processor.o
                0x00000000000006c0                no_handler
 .text.process_command
                0x00000000000006d4      0x120 ./source/Command_Processor.o
                0x00000000000006d4                process_command
 .text.NVIC_EnableIRQ
                0x00000000000007f4       0x2c ./source/GPIO_RESET.o
 .text.Initialize_Interrupts
                0x0000000000000820       0x78 ./source/GPIO_RESET.o
                0x0000000000000820                Initialize_Interrupts
 .text.PORTD_IRQHandler
                0x0000000000000898       0x50 ./source/GPIO_RESET.o
                0x0000000000000898                PORTD_IRQHandler
 .text.i2c_init
                0x00000000000008e8       0x84 ./source/I2C.o
                0x00000000000008e8                i2c_init
 .text.i2c_busy
                0x000000000000096c      0x174 ./source/I2C.o
                0x000000000000096c                i2c_busy
 .text.i2c_wait
                0x0000000000000ae0       0x6c ./source/I2C.o
                0x0000000000000ae0                i2c_wait
 .text.i2c_start
                0x0000000000000b4c       0x30 ./source/I2C.o
                0x0000000000000b4c                i2c_start
 .text.i2c_read_setup
                0x0000000000000b7c       0x68 ./source/I2C.o
                0x0000000000000b7c                i2c_read_setup
 .text.i2c_repeated_read
                0x0000000000000be4       0x80 ./source/I2C.o
                0x0000000000000be4                i2c_repeated_read
 .text.i2c_write_byte
                0x0000000000000c64       0x80 ./source/I2C.o
                0x0000000000000c64                i2c_write_byte
 .text.read_full_xyz
                0x0000000000000ce4       0xd8 ./source/MMA8451.o
                0x0000000000000ce4                read_full_xyz
 .text.convert_xyz_to_roll_pitch
                0x0000000000000dbc      0x228 ./source/MMA8451.o
                0x0000000000000dbc                convert_xyz_to_roll_pitch
 .text.Gpio_Init
                0x0000000000000fe4       0x74 ./source/PES_FINAL_PROJECT.o
                0x0000000000000fe4                Gpio_Init
 .text.my_getstring
                0x0000000000001058      0x10c ./source/PES_FINAL_PROJECT.o
                0x0000000000001058                my_getstring
 .text.main     0x0000000000001164      0x148 ./source/PES_FINAL_PROJECT.o
                0x0000000000001164                main
 .text.PWM_Init
                0x00000000000012ac       0xfc ./source/PWM.o
                0x00000000000012ac                PWM_Init
 .text.RGB_LED_Control
                0x00000000000013a8       0x30 ./source/PWM.o
                0x00000000000013a8                RGB_LED_Control
 .text.calibrate2zero
                0x00000000000013d8      0x110 ./source/State_Machine.o
                0x00000000000013d8                calibrate2zero
 .text.calibrate2state
                0x00000000000014e8       0x74 ./source/State_Machine.o
                0x00000000000014e8                calibrate2state
 .text.change_reference_angle
                0x000000000000155c       0x5c ./source/State_Machine.o
                0x000000000000155c                change_reference_angle
 .text.digital_angle_FSM
                0x00000000000015b8       0x4c ./source/State_Machine.o
                0x00000000000015b8                digital_angle_FSM
 .text.Angle_guage
                0x0000000000001604      0x160 ./source/State_Machine.o
                0x0000000000001604                Angle_guage
 .text.NVIC_SetPriority
                0x0000000000001764       0xdc ./source/Systick.o
 .text.SysTick_Init
                0x0000000000001840       0x48 ./source/Systick.o
                0x0000000000001840                SysTick_Init
 .text.SysTick_Handler
                0x0000000000001888       0x28 ./source/Systick.o
                0x0000000000001888                SysTick_Handler
 .text.reset_timer
                0x00000000000018b0       0x14 ./source/Systick.o
                0x00000000000018b0                reset_timer
 .text.get_timer
                0x00000000000018c4       0x14 ./source/Systick.o
                0x00000000000018c4                get_timer
 .text.NVIC_EnableIRQ
                0x00000000000018d8       0x2c ./source/TSI_Init.o
 .text.NVIC_ClearPendingIRQ
                0x0000000000001904       0x30 ./source/TSI_Init.o
 .text.NVIC_SetPriority
                0x0000000000001934       0xdc ./source/TSI_Init.o
 .text.Touch_Init
                0x0000000000001a10       0x78 ./source/TSI_Init.o
                0x0000000000001a10                Touch_Init
 .text.TSI0_IRQHandler
                0x0000000000001a88       0x50 ./source/TSI_Init.o
                0x0000000000001a88                TSI0_IRQHandler
 .text.touch_val
                0x0000000000001ad8       0x28 ./source/TSI_Init.o
                0x0000000000001ad8                touch_val
 .text.test_angle_detect_color
                0x0000000000001b00       0xec ./source/Test_MMA8451.o
                0x0000000000001b00                test_angle_detect_color
 .text.test_equal
                0x0000000000001bec       0x4c ./source/Test_cbfifo.o
                0x0000000000001bec                test_equal
 .text.test_cbfifo_one_iteration
                0x0000000000001c38       0xd0 ./source/Test_cbfifo.o
 .text.test_cbfifo
                0x0000000000001d08       0x30 ./source/Test_cbfifo.o
                0x0000000000001d08                test_cbfifo
 .text.NVIC_EnableIRQ
                0x0000000000001d38       0x2c ./source/UART.o
 .text.NVIC_ClearPendingIRQ
                0x0000000000001d64       0x30 ./source/UART.o
 .text.NVIC_SetPriority
                0x0000000000001d94       0xdc ./source/UART.o
 .text.__sys_readc
                0x0000000000001e70       0x2c ./source/UART.o
                0x0000000000001e70                __sys_readc
 .text.Init_UART0
                0x0000000000001e9c      0x160 ./source/UART.o
                0x0000000000001e9c                Init_UART0
 .text.UART0_IRQHandler
                0x0000000000001ffc       0xb8 ./source/UART.o
                0x0000000000001ffc                UART0_IRQHandler
 .text.HardFault_Handler
                0x00000000000020b4       0x30 ./source/semihost_hardfault.o
                0x00000000000020b4                HardFault_Handler
 .text.sysclock_init
                0x00000000000020e4       0x78 ./source/sysclock.o
                0x00000000000020e4                sysclock_init
 .text.CLOCK_SetEr32kClock
                0x000000000000215c       0x34 ./drivers/fsl_clock.o
 .text.CLOCK_SetPllFllSelClock
                0x0000000000002190       0x38 ./drivers/fsl_clock.o
 .text.CLOCK_GetMcgExtClkFreq
                0x00000000000021c8       0x28 ./drivers/fsl_clock.o
 .text.CLOCK_GetFllExtRefClkFreq
                0x00000000000021f0       0xa8 ./drivers/fsl_clock.o
 .text.CLOCK_GetFllRefClkFreq
                0x0000000000002298       0x2c ./drivers/fsl_clock.o
 .text.CLOCK_GetOscRangeFromFreq
                0x00000000000022c4       0x4c ./drivers/fsl_clock.o
 .text.CLOCK_GetPllFllSelClkFreq
                0x0000000000002310       0x4c ./drivers/fsl_clock.o
                0x0000000000002310                CLOCK_GetPllFllSelClkFreq
 .text.CLOCK_SetSimConfig
                0x000000000000235c       0x38 ./drivers/fsl_clock.o
                0x000000000000235c                CLOCK_SetSimConfig
 .text.CLOCK_GetFllFreq
                0x0000000000002394       0x84 ./drivers/fsl_clock.o
                0x0000000000002394                CLOCK_GetFllFreq
 .text.CLOCK_GetPll0Freq
                0x0000000000002418       0x70 ./drivers/fsl_clock.o
                0x0000000000002418                CLOCK_GetPll0Freq
 .text.CLOCK_SetInternalRefClkConfig
                0x0000000000002488      0x124 ./drivers/fsl_clock.o
                0x0000000000002488                CLOCK_SetInternalRefClkConfig
 .text.CLOCK_EnablePll0
                0x00000000000025ac       0x94 ./drivers/fsl_clock.o
                0x00000000000025ac                CLOCK_EnablePll0
 .text.CLOCK_InitOsc0
                0x0000000000002640       0x94 ./drivers/fsl_clock.o
                0x0000000000002640                CLOCK_InitOsc0
 .text.CLOCK_SetPbeMode
                0x00000000000026d4       0xb0 ./drivers/fsl_clock.o
                0x00000000000026d4                CLOCK_SetPbeMode
 .text.CLOCK_BootToPeeMode
                0x0000000000002784       0x70 ./drivers/fsl_clock.o
                0x0000000000002784                CLOCK_BootToPeeMode
 .text.CLOCK_EnableClock
                0x00000000000027f4       0x34 ./drivers/fsl_lpsci.o
 .text.LPSCI_GetInstance
                0x0000000000002828       0x48 ./drivers/fsl_lpsci.o
                0x0000000000002828                LPSCI_GetInstance
 .text.LPSCI_Init
                0x0000000000002870      0x258 ./drivers/fsl_lpsci.o
                0x0000000000002870                LPSCI_Init
 .text.LPSCI_GetDefaultConfig
                0x0000000000002ac8       0x44 ./drivers/fsl_lpsci.o
                0x0000000000002ac8                LPSCI_GetDefaultConfig
 .text.LPSCI_ClearStatusFlags
                0x0000000000002b0c       0x94 ./drivers/fsl_lpsci.o
                0x0000000000002b0c                LPSCI_ClearStatusFlags
 .text.LPSCI_WriteBlocking
                0x0000000000002ba0       0x4c ./drivers/fsl_lpsci.o
                0x0000000000002ba0                LPSCI_WriteBlocking
 .text.LPSCI_ReadBlocking
                0x0000000000002bec       0xc0 ./drivers/fsl_lpsci.o
                0x0000000000002bec                LPSCI_ReadBlocking
 .text.UART0_DriverIRQHandler
                0x0000000000002cac       0x24 ./drivers/fsl_lpsci.o
                0x0000000000002cac                UART0_DriverIRQHandler
 .text.CLOCK_EnableClock
                0x0000000000002cd0       0x34 ./drivers/fsl_uart.o
 .text.UART_GetInstance
                0x0000000000002d04       0x54 ./drivers/fsl_uart.o
                0x0000000000002d04                UART_GetInstance
 .text.UART_Init
                0x0000000000002d58      0x1e0 ./drivers/fsl_uart.o
                0x0000000000002d58                UART_Init
 .text.UART_GetDefaultConfig
                0x0000000000002f38       0x44 ./drivers/fsl_uart.o
                0x0000000000002f38                UART_GetDefaultConfig
 .text.UART_ReadBlocking
                0x0000000000002f7c       0x98 ./drivers/fsl_uart.o
                0x0000000000002f7c                UART_ReadBlocking
 .text.UART1_DriverIRQHandler
                0x0000000000003014       0x24 ./drivers/fsl_uart.o
                0x0000000000003014                UART1_DriverIRQHandler
 .text.UART2_DriverIRQHandler
                0x0000000000003038       0x24 ./drivers/fsl_uart.o
                0x0000000000003038                UART2_DriverIRQHandler
 .text.CLOCK_SetLpsci0Clock
                0x000000000000305c       0x38 ./board/board.o
 .text.BOARD_InitDebugConsole
                0x0000000000003094       0x30 ./board/board.o
                0x0000000000003094                BOARD_InitDebugConsole
 .text.CLOCK_SetSimSafeDivs
                0x00000000000030c4       0x20 ./board/clock_config.o
 .text.CLOCK_SetXtal0Freq
                0x00000000000030e4       0x1c ./board/clock_config.o
 .text.CLOCK_CONFIG_SetFllExtRefDiv
                0x0000000000003100       0x3c ./board/clock_config.o
 .text.BOARD_BootClockRUN
                0x000000000000313c       0x64 ./board/clock_config.o
                0x000000000000313c                BOARD_BootClockRUN
 .text.CLOCK_EnableClock
                0x00000000000031a0       0x34 ./board/pin_mux.o
 .text.PORT_SetPinMux
                0x00000000000031d4       0x40 ./board/pin_mux.o
 .text.BOARD_InitPins
                0x0000000000003214       0x4c ./board/pin_mux.o
                0x0000000000003214                BOARD_InitPins
 .text.SystemInit
                0x0000000000003260       0x18 ./CMSIS/system_MKL25Z4.o
                0x0000000000003260                SystemInit
 .text.SystemCoreClockUpdate
                0x0000000000003278      0x24c ./CMSIS/system_MKL25Z4.o
                0x0000000000003278                SystemCoreClockUpdate
 .text.__assertion_failed
                0x00000000000034c4       0x4c /Applications/MCUXpressoIDE_11.6.1_8255/ide/plugins/com.nxp.mcuxpresso.tools.macosx_11.6.1.202207200623/tools/bin/../lib/gcc/arm-none-eabi/10.3.1/../../../../arm-none-eabi/lib/thumb/v6-m/nofp/libcr_semihost_nf.a(_cr_assert.o)
                0x00000000000034c4                __assertion_failed
 .text.__sys_appexit
                0x0000000000003510        0xc /Applications/MCUXpressoIDE_11.6.1_8255/ide/plugins/com.nxp.mcuxpresso.tools.macosx_11.6.1.202207200623/tools/bin/../lib/gcc/arm-none-eabi/10.3.1/../../../../arm-none-eabi/lib/thumb/v6-m/nofp/libcr_semihost_nf.a(__sys_appexit.o)
                0x0000000000003510                __exit
                0x0000000000003510                __sys_appexit
 .text.__filbuf
                0x000000000000351c      0x188 /Applications/MCUXpressoIDE_11.6.1_8255/ide/plugins/com.nxp.mcuxpresso.tools.macosx_11.6.1.202207200623/tools/bin/../lib/gcc/arm-none-eabi/10.3.1/../../../../arm-none-eabi/lib/thumb/v6-m/nofp/libcr_c.a(__fillbuf.o)
                0x000000000000351c                __filbuf
 .text._deferredlazyseek
                0x00000000000036a4       0x40 /Applications/MCUXpressoIDE_11.6.1_8255/ide/plugins/com.nxp.mcuxpresso.tools.macosx_11.6.1.202207200623/tools/bin/../lib/gcc/arm-none-eabi/10.3.1/../../../../arm-none-eabi/lib/thumb/v6-m/nofp/libcr_c.a(_deferredlazyseek.o)
                0x00000000000036a4                _deferredlazyseek
 .text.__flsbuf
                0x00000000000036e4      0x150 /Applications/MCUXpressoIDE_11.6.1_8255/ide/plugins/com.nxp.mcuxpresso.tools.macosx_11.6.1.202207200623/tools/bin/../lib/gcc/arm-none-eabi/10.3.1/../../../../arm-none-eabi/lib/thumb/v6-m/nofp/libcr_c.a(_deferredlazyseek.o)
                0x00000000000036e4                __flsbuf
 .text._fflush  0x0000000000003834       0x60 /Applications/MCUXpressoIDE_11.6.1_8255/ide/plugins/com.nxp.mcuxpresso.tools.macosx_11.6.1.202207200623/tools/bin/../lib/gcc/arm-none-eabi/10.3.1/../../../../arm-none-eabi/lib/thumb/v6-m/nofp/libcr_c.a(_fflush.o)
                0x0000000000003834                _fflush
 .text._Cwritebuf
                0x0000000000003894       0x68 /Applications/MCUXpressoIDE_11.6.1_8255/ide/plugins/com.nxp.mcuxpresso.tools.macosx_11.6.1.202207200623/tools/bin/../lib/gcc/arm-none-eabi/10.3.1/../../../../arm-none-eabi/lib/thumb/v6-m/nofp/libcr_c.a(_writebuf.o)
                0x0000000000003894                _Cwritebuf
 .text.malloc   0x00000000000038fc       0xcc /Applications/MCUXpressoIDE_11.6.1_8255/ide/plugins/com.nxp.mcuxpresso.tools.macosx_11.6.1.202207200623/tools/bin/../lib/gcc/arm-none-eabi/10.3.1/../../../../arm-none-eabi/lib/thumb/v6-m/nofp/libcr_c.a(alloc.o)
                0x00000000000038fc                malloc
 .text._Csys_alloc
                0x00000000000039c8       0x20 /Applications/MCUXpressoIDE_11.6.1_8255/ide/plugins/com.nxp.mcuxpresso.tools.macosx_11.6.1.202207200623/tools/bin/../lib/gcc/arm-none-eabi/10.3.1/../../../../arm-none-eabi/lib/thumb/v6-m/nofp/libcr_c.a(alloc.o)
                0x00000000000039c8                _Csys_alloc
 .text.atan2    0x00000000000039e8      0x108 /Applications/MCUXpressoIDE_11.6.1_8255/ide/plugins/com.nxp.mcuxpresso.tools.macosx_11.6.1.202207200623/tools/bin/../lib/gcc/arm-none-eabi/10.3.1/../../../../arm-none-eabi/lib/thumb/v6-m/nofp/libcr_c.a(atan2.o)
                0x00000000000039e8                atan2
 .text.printf_char
                0x0000000000003af0       0x34 /Applications/MCUXpressoIDE_11.6.1_8255/ide/plugins/com.nxp.mcuxpresso.tools.macosx_11.6.1.202207200623/tools/bin/../lib/gcc/arm-none-eabi/10.3.1/../../../../arm-none-eabi/lib/thumb/v6-m/nofp/libcr_c.a(fpprintf.o)
                0x0000000000003af0                printf_char
 .text.sprintf  0x0000000000003b24       0x6c /Applications/MCUXpressoIDE_11.6.1_8255/ide/plugins/com.nxp.mcuxpresso.tools.macosx_11.6.1.202207200623/tools/bin/../lib/gcc/arm-none-eabi/10.3.1/../../../../arm-none-eabi/lib/thumb/v6-m/nofp/libcr_c.a(fpprintf.o)
                0x0000000000003b24                sprintf
 .text.fp_display
                0x0000000000003b90      0x97c /Applications/MCUXpressoIDE_11.6.1_8255/ide/plugins/com.nxp.mcuxpresso.tools.macosx_11.6.1.202207200623/tools/bin/../lib/gcc/arm-none-eabi/10.3.1/../../../../arm-none-eabi/lib/thumb/v6-m/nofp/libcr_c.a(fpprintf.o)
 .text.fseek    0x000000000000450c       0xf0 /Applications/MCUXpressoIDE_11.6.1_8255/ide/plugins/com.nxp.mcuxpresso.tools.macosx_11.6.1.202207200623/tools/bin/../lib/gcc/arm-none-eabi/10.3.1/../../../../arm-none-eabi/lib/thumb/v6-m/nofp/libcr_c.a(fseek.o)
                0x000000000000450c                fseek
 .text.ftell    0x00000000000045fc       0x48 /Applications/MCUXpressoIDE_11.6.1_8255/ide/plugins/com.nxp.mcuxpresso.tools.macosx_11.6.1.202207200623/tools/bin/../lib/gcc/arm-none-eabi/10.3.1/../../../../arm-none-eabi/lib/thumb/v6-m/nofp/libcr_c.a(ftell.o)
                0x00000000000045fc                ftell
 .text._initio  0x0000000000004644       0x7c /Applications/MCUXpressoIDE_11.6.1_8255/ide/plugins/com.nxp.mcuxpresso.tools.macosx_11.6.1.202207200623/tools/bin/../lib/gcc/arm-none-eabi/10.3.1/../../../../arm-none-eabi/lib/thumb/v6-m/nofp/libcr_c.a(initio.o)
                0x0000000000004644                _initio
 .text.__vfprintf
                0x00000000000046c0      0xd40 /Applications/MCUXpressoIDE_11.6.1_8255/ide/plugins/com.nxp.mcuxpresso.tools.macosx_11.6.1.202207200623/tools/bin/../lib/gcc/arm-none-eabi/10.3.1/../../../../arm-none-eabi/lib/thumb/v6-m/nofp/libcr_c.a(printf.o)
                0x00000000000046c0                __vfprintf
 .text.setvbuf  0x0000000000005400       0x4c /Applications/MCUXpressoIDE_11.6.1_8255/ide/plugins/com.nxp.mcuxpresso.tools.macosx_11.6.1.202207200623/tools/bin/../lib/gcc/arm-none-eabi/10.3.1/../../../../arm-none-eabi/lib/thumb/v6-m/nofp/libcr_c.a(setvbuf.o)
                0x0000000000005400                setvbuf
 .text.sqrt     0x000000000000544c      0x134 /Applications/MCUXpressoIDE_11.6.1_8255/ide/plugins/com.nxp.mcuxpresso.tools.macosx_11.6.1.202207200623/tools/bin/../lib/gcc/arm-none-eabi/10.3.1/../../../../arm-none-eabi/lib/thumb/v6-m/nofp/libcr_c.a(sqrt.o)
                0x000000000000544c                sqrt
 .text.strlen   0x0000000000005580       0x58 /Applications/MCUXpressoIDE_11.6.1_8255/ide/plugins/com.nxp.mcuxpresso.tools.macosx_11.6.1.202207200623/tools/bin/../lib/gcc/arm-none-eabi/10.3.1/../../../../arm-none-eabi/lib/thumb/v6-m/nofp/libcr_c.a(strlen.o)
                0x0000000000005580                strlen
 .text._sbrk    0x00000000000055d8       0x44 /Applications/MCUXpressoIDE_11.6.1_8255/ide/plugins/com.nxp.mcuxpresso.tools.macosx_11.6.1.202207200623/tools/bin/../lib/gcc/arm-none-eabi/10.3.1/../../../../arm-none-eabi/lib/thumb/v6-m/nofp/libcr_c.a(_cr_sbrk.o)
                0x00000000000055d8                _sbrk
 .text._fdopen  0x000000000000561c       0x74 /Applications/MCUXpressoIDE_11.6.1_8255/ide/plugins/com.nxp.mcuxpresso.tools.macosx_11.6.1.202207200623/tools/bin/../lib/gcc/arm-none-eabi/10.3.1/../../../../arm-none-eabi/lib/thumb/v6-m/nofp/libcr_c.a(_fdopen.o)
                0x000000000000561c                _fdopen
 .text._frexpl  0x0000000000005690       0x80 /Applications/MCUXpressoIDE_11.6.1_8255/ide/plugins/com.nxp.mcuxpresso.tools.macosx_11.6.1.202207200623/tools/bin/../lib/gcc/arm-none-eabi/10.3.1/../../../../arm-none-eabi/lib/thumb/v6-m/nofp/libcr_c.a(_frexpl.o)
                0x0000000000005690                _frexpl
 .text._ldexpl  0x0000000000005710       0x58 /Applications/MCUXpressoIDE_11.6.1_8255/ide/plugins/com.nxp.mcuxpresso.tools.macosx_11.6.1.202207200623/tools/bin/../lib/gcc/arm-none-eabi/10.3.1/../../../../arm-none-eabi/lib/thumb/v6-m/nofp/libcr_c.a(_ldexpl.o)
                0x0000000000005710                _ldexpl
 .text.atan     0x0000000000005768      0x204 /Applications/MCUXpressoIDE_11.6.1_8255/ide/plugins/com.nxp.mcuxpresso.tools.macosx_11.6.1.202207200623/tools/bin/../lib/gcc/arm-none-eabi/10.3.1/../../../../arm-none-eabi/lib/thumb/v6-m/nofp/libcr_c.a(atan.o)
                0x0000000000005768                atan
 .text.tolower  0x000000000000596c       0x14 /Applications/MCUXpressoIDE_11.6.1_8255/ide/plugins/com.nxp.mcuxpresso.tools.macosx_11.6.1.202207200623/tools/bin/../lib/gcc/arm-none-eabi/10.3.1/../../../../arm-none-eabi/lib/thumb/v6-m/nofp/libcr_c.a(ctype.o)
                0x000000000000596c                tolower
 .text.fclose   0x0000000000005980       0x5c /Applications/MCUXpressoIDE_11.6.1_8255/ide/plugins/com.nxp.mcuxpresso.tools.macosx_11.6.1.202207200623/tools/bin/../lib/gcc/arm-none-eabi/10.3.1/../../../../arm-none-eabi/lib/thumb/v6-m/nofp/libcr_c.a(fclose.o)
                0x0000000000005980                fclose
 .text.fflush   0x00000000000059dc       0x44 /Applications/MCUXpressoIDE_11.6.1_8255/ide/plugins/com.nxp.mcuxpresso.tools.macosx_11.6.1.202207200623/tools/bin/../lib/gcc/arm-none-eabi/10.3.1/../../../../arm-none-eabi/lib/thumb/v6-m/nofp/libcr_c.a(fflush.o)
                0x00000000000059dc                fflush
 .text.__check_heap_overflow
                0x0000000000005a20       0x18 /Applications/MCUXpressoIDE_11.6.1_8255/ide/plugins/com.nxp.mcuxpresso.tools.macosx_11.6.1.202207200623/tools/bin/../lib/gcc/arm-none-eabi/10.3.1/../../../../arm-none-eabi/lib/thumb/v6-m/nofp/libcr_c.a(_cr_check_heap.o)
                0x0000000000005a20                __check_heap_overflow
 .text._do_fflush
                0x0000000000005a38       0x48 /Applications/MCUXpressoIDE_11.6.1_8255/ide/plugins/com.nxp.mcuxpresso.tools.macosx_11.6.1.202207200623/tools/bin/../lib/gcc/arm-none-eabi/10.3.1/../../../../arm-none-eabi/lib/thumb/v6-m/nofp/libcr_c.a(_do_fflush.o)
                0x0000000000005a38                _do_fflush
 .text.__aeabi_dmul
                0x0000000000005a80      0x184 /Applications/MCUXpressoIDE_11.6.1_8255/ide/plugins/com.nxp.mcuxpresso.tools.macosx_11.6.1.202207200623/tools/bin/../lib/gcc/arm-none-eabi/10.3.1/thumb/v6-m/nofp/libcr_eabihelpers.a(double.o)
                0x0000000000005a80                __aeabi_dmul
 .text.__aeabi_ddiv
                0x0000000000005c04      0x14c /Applications/MCUXpressoIDE_11.6.1_8255/ide/plugins/com.nxp.mcuxpresso.tools.macosx_11.6.1.202207200623/tools/bin/../lib/gcc/arm-none-eabi/10.3.1/thumb/v6-m/nofp/libcr_eabihelpers.a(double.o)
                0x0000000000005c04                __aeabi_ddiv
 .text.__aeabi_dsub
                0x0000000000005d50      0x1c0 /Applications/MCUXpressoIDE_11.6.1_8255/ide/plugins/com.nxp.mcuxpresso.tools.macosx_11.6.1.202207200623/tools/bin/../lib/gcc/arm-none-eabi/10.3.1/thumb/v6-m/nofp/libcr_eabihelpers.a(double.o)
                0x0000000000005d50                __aeabi_dsub
 .text.__aeabi_dadd
                0x0000000000005f10      0x134 /Applications/MCUXpressoIDE_11.6.1_8255/ide/plugins/com.nxp.mcuxpresso.tools.macosx_11.6.1.202207200623/tools/bin/../lib/gcc/arm-none-eabi/10.3.1/thumb/v6-m/nofp/libcr_eabihelpers.a(double.o)
                0x0000000000005f10                __aeabi_dadd
 .text.__aeabi_d2f
                0x0000000000006044       0x60 /Applications/MCUXpressoIDE_11.6.1_8255/ide/plugins/com.nxp.mcuxpresso.tools.macosx_11.6.1.202207200623/tools/bin/../lib/gcc/arm-none-eabi/10.3.1/thumb/v6-m/nofp/libcr_eabihelpers.a(double.o)
                0x0000000000006044                __aeabi_d2f
 .text.__aeabi_d2iz
                0x00000000000060a4       0x50 /Applications/MCUXpressoIDE_11.6.1_8255/ide/plugins/com.nxp.mcuxpresso.tools.macosx_11.6.1.202207200623/tools/bin/../lib/gcc/arm-none-eabi/10.3.1/thumb/v6-m/nofp/libcr_eabihelpers.a(double.o)
                0x00000000000060a4                __aeabi_d2iz
 .text.__aeabi_dcmpeq
                0x00000000000060f4       0x30 /Applications/MCUXpressoIDE_11.6.1_8255/ide/plugins/com.nxp.mcuxpresso.tools.macosx_11.6.1.202207200623/tools/bin/../lib/gcc/arm-none-eabi/10.3.1/thumb/v6-m/nofp/libcr_eabihelpers.a(double.o)
                0x00000000000060f4                __aeabi_dcmpeq
 .text.__aeabi_dcmplt
                0x0000000000006124       0x60 /Applications/MCUXpressoIDE_11.6.1_8255/ide/plugins/com.nxp.mcuxpresso.tools.macosx_11.6.1.202207200623/tools/bin/../lib/gcc/arm-none-eabi/10.3.1/thumb/v6-m/nofp/libcr_eabihelpers.a(double.o)
                0x0000000000006124                __aeabi_dcmplt
 .text.__aeabi_dcmpgt
                0x0000000000006184       0x5c /Applications/MCUXpressoIDE_11.6.1_8255/ide/plugins/com.nxp.mcuxpresso.tools.macosx_11.6.1.202207200623/tools/bin/../lib/gcc/arm-none-eabi/10.3.1/thumb/v6-m/nofp/libcr_eabihelpers.a(double.o)
                0x0000000000006184                __aeabi_dcmpgt
 .text.__aeabi_dcmple
                0x00000000000061e0       0x5c /Applications/MCUXpressoIDE_11.6.1_8255/ide/plugins/com.nxp.mcuxpresso.tools.macosx_11.6.1.202207200623/tools/bin/../lib/gcc/arm-none-eabi/10.3.1/thumb/v6-m/nofp/libcr_eabihelpers.a(double.o)
                0x00000000000061e0                __aeabi_dcmple
 .text.__aeabi_dcmpge
                0x000000000000623c       0x5c /Applications/MCUXpressoIDE_11.6.1_8255/ide/plugins/com.nxp.mcuxpresso.tools.macosx_11.6.1.202207200623/tools/bin/../lib/gcc/arm-none-eabi/10.3.1/thumb/v6-m/nofp/libcr_eabihelpers.a(double.o)
                0x000000000000623c                __aeabi_dcmpge
 .text.__aeabi_fmul
                0x0000000000006298       0xc0 /Applications/MCUXpressoIDE_11.6.1_8255/ide/plugins/com.nxp.mcuxpresso.tools.macosx_11.6.1.202207200623/tools/bin/../lib/gcc/arm-none-eabi/10.3.1/thumb/v6-m/nofp/libcr_eabihelpers.a(float.o)
                0x0000000000006298                __aeabi_fmul
 .text.__aeabi_fsub
                0x0000000000006358      0x128 /Applications/MCUXpressoIDE_11.6.1_8255/ide/plugins/com.nxp.mcuxpresso.tools.macosx_11.6.1.202207200623/tools/bin/../lib/gcc/arm-none-eabi/10.3.1/thumb/v6-m/nofp/libcr_eabihelpers.a(float.o)
                0x0000000000006358                __aeabi_fsub
 .text.__aeabi_fadd
                0x0000000000006480       0xac /Applications/MCUXpressoIDE_11.6.1_8255/ide/plugins/com.nxp.mcuxpresso.tools.macosx_11.6.1.202207200623/tools/bin/../lib/gcc/arm-none-eabi/10.3.1/thumb/v6-m/nofp/libcr_eabihelpers.a(float.o)
                0x0000000000006480                __aeabi_fadd
 .text.__aeabi_f2iz
                0x000000000000652c       0x3c /Applications/MCUXpressoIDE_11.6.1_8255/ide/plugins/com.nxp.mcuxpresso.tools.macosx_11.6.1.202207200623/tools/bin/../lib/gcc/arm-none-eabi/10.3.1/thumb/v6-m/nofp/libcr_eabihelpers.a(float.o)
                0x000000000000652c                __aeabi_f2iz
 .text.__aeabi_f2d
                0x0000000000006568       0x40 /Applications/MCUXpressoIDE_11.6.1_8255/ide/plugins/com.nxp.mcuxpresso.tools.macosx_11.6.1.202207200623/tools/bin/../lib/gcc/arm-none-eabi/10.3.1/thumb/v6-m/nofp/libcr_eabihelpers.a(float.o)
                0x0000000000006568                __aeabi_f2d
 .text.UART_EnableTx
                0x00000000000065a8       0x40 ./utilities/fsl_debug_console.o
 .text.UART_EnableRx
                0x00000000000065e8       0x40 ./utilities/fsl_debug_console.o
 .text.LPSCI_EnableTx
                0x0000000000006628       0x40 ./utilities/fsl_debug_console.o
 .text.LPSCI_EnableRx
                0x0000000000006668       0x40 ./utilities/fsl_debug_console.o
 .text.init_mma
                0x00000000000066a8       0x16 ./source/MMA8451.o
                0x00000000000066a8                init_mma
 .text.assign_color
                0x00000000000066be       0x62 ./source/State_Machine.o
                0x00000000000066be                assign_color
 .text.test_color_assign
                0x0000000000006720       0x72 ./source/Test_MMA8451.o
                0x0000000000006720                test_color_assign
 .text.cbfifo_Init
                0x0000000000006792       0x40 ./source/cbfifo.o
                0x0000000000006792                cbfifo_Init
 .text.cbfifo_Empty
                0x00000000000067d2       0x1a ./source/cbfifo.o
                0x00000000000067d2                cbfifo_Empty
 .text.cbfifo_Full
                0x00000000000067ec       0x1e ./source/cbfifo.o
                0x00000000000067ec                cbfifo_Full
 .text.cbfifo_Length
                0x000000000000680a       0x14 ./source/cbfifo.o
                0x000000000000680a                cbfifo_Length
 .text.cbfifo_Enqueue
                0x000000000000681e       0x9e ./source/cbfifo.o
                0x000000000000681e                cbfifo_Enqueue
 .text.cbfifo_Dequeue
                0x00000000000068bc       0x98 ./source/cbfifo.o
                0x00000000000068bc                cbfifo_Dequeue
 .text.OSC_SetExtRefClkConfig
                0x0000000000006954       0x3e ./drivers/fsl_clock.o
 .text.OSC_SetCapLoad
                0x0000000000006992       0x42 ./drivers/fsl_clock.o
 .text.CLOCK_GetPll0RefFreq
                0x00000000000069d4       0x10 ./drivers/fsl_clock.o
 .text.CLOCK_SetExternalRefClkConfig
                0x00000000000069e4       0x16 ./drivers/fsl_clock.o
                0x00000000000069e4                CLOCK_SetExternalRefClkConfig
 .text.LPSCI_GetStatusFlags
                0x00000000000069fa       0x26 ./drivers/fsl_lpsci.o
                0x00000000000069fa                LPSCI_GetStatusFlags
 .text.UART_GetStatusFlags
                0x0000000000006a20       0x26 ./drivers/fsl_uart.o
                0x0000000000006a20                UART_GetStatusFlags
 .text.UART_WriteBlocking
                0x0000000000006a46       0x3c ./drivers/fsl_uart.o
                0x0000000000006a46                UART_WriteBlocking
 .text.BOARD_InitBootClocks
                0x0000000000006a82        0xe ./board/clock_config.o
                0x0000000000006a82                BOARD_InitBootClocks
 .text.BOARD_InitBootPeripherals
                0x0000000000006a90        0xa ./board/peripherals.o
                0x0000000000006a90                BOARD_InitBootPeripherals
 .text.BOARD_InitBootPins
                0x0000000000006a9a        0xe ./board/pin_mux.o
                0x0000000000006a9a                BOARD_InitBootPins
 .text.__main   0x0000000000006aa8        0xc /Applications/MCUXpressoIDE_11.6.1_8255/ide/plugins/com.nxp.mcuxpresso.tools.macosx_11.6.1.202207200623/tools/bin/../lib/gcc/arm-none-eabi/10.3.1/../../../../arm-none-eabi/lib/thumb/v6-m/nofp/libcr_semihost_nf.a(_cr__main.o)
                0x0000000000006aa8                __main
                0x0000000000006aa8                __CR_SEMIHOST
 .text.memset   0x0000000000006ab4        0x8 /Applications/MCUXpressoIDE_11.6.1_8255/ide/plugins/com.nxp.mcuxpresso.tools.macosx_11.6.1.202207200623/tools/bin/../lib/gcc/arm-none-eabi/10.3.1/../../../../arm-none-eabi/lib/thumb/v6-m/nofp/libcr_c.a(memset.o)
                0x0000000000006ab4                memset
 .text._Csys_read_
                0x0000000000006abc       0x24 /Applications/MCUXpressoIDE_11.6.1_8255/ide/plugins/com.nxp.mcuxpresso.tools.macosx_11.6.1.202207200623/tools/bin/../lib/gcc/arm-none-eabi/10.3.1/../../../../arm-none-eabi/lib/thumb/v6-m/nofp/libcr_c.a(__fillbuf.o)
                0x0000000000006abc                _Csys_read_
 .text.free     0x0000000000006ae0       0x2c /Applications/MCUXpressoIDE_11.6.1_8255/ide/plugins/com.nxp.mcuxpresso.tools.macosx_11.6.1.202207200623/tools/bin/../lib/gcc/arm-none-eabi/10.3.1/../../../../arm-none-eabi/lib/thumb/v6-m/nofp/libcr_c.a(alloc.o)
                0x0000000000006ae0                free
 .text.fabs     0x0000000000006b0c       0x22 /Applications/MCUXpressoIDE_11.6.1_8255/ide/plugins/com.nxp.mcuxpresso.tools.macosx_11.6.1.202207200623/tools/bin/../lib/gcc/arm-none-eabi/10.3.1/../../../../arm-none-eabi/lib/thumb/v6-m/nofp/libcr_c.a(fabs.o)
                0x0000000000006b0c                fabs
 .text.fp_round
                0x0000000000006b2e       0x4a /Applications/MCUXpressoIDE_11.6.1_8255/ide/plugins/com.nxp.mcuxpresso.tools.macosx_11.6.1.202207200623/tools/bin/../lib/gcc/arm-none-eabi/10.3.1/../../../../arm-none-eabi/lib/thumb/v6-m/nofp/libcr_c.a(fpprintf.o)
 .text.pr_dec.constprop.0
                0x0000000000006b78       0x30 /Applications/MCUXpressoIDE_11.6.1_8255/ide/plugins/com.nxp.mcuxpresso.tools.macosx_11.6.1.202207200623/tools/bin/../lib/gcc/arm-none-eabi/10.3.1/../../../../arm-none-eabi/lib/thumb/v6-m/nofp/libcr_c.a(fpprintf.o)
 .text.fputs    0x0000000000006ba8       0x2e /Applications/MCUXpressoIDE_11.6.1_8255/ide/plugins/com.nxp.mcuxpresso.tools.macosx_11.6.1.202207200623/tools/bin/../lib/gcc/arm-none-eabi/10.3.1/../../../../arm-none-eabi/lib/thumb/v6-m/nofp/libcr_c.a(fputs.o)
                0x0000000000006ba8                fputs
 .text.strcasecmp
                0x0000000000006bd6       0x32 /Applications/MCUXpressoIDE_11.6.1_8255/ide/plugins/com.nxp.mcuxpresso.tools.macosx_11.6.1.202207200623/tools/bin/../lib/gcc/arm-none-eabi/10.3.1/../../../../arm-none-eabi/lib/thumb/v6-m/nofp/libcr_c.a(strcasecmp.o)
                0x0000000000006bd6                strcasecmp
 .text.remove   0x0000000000006c08       0x12 /Applications/MCUXpressoIDE_11.6.1_8255/ide/plugins/com.nxp.mcuxpresso.tools.macosx_11.6.1.202207200623/tools/bin/../lib/gcc/arm-none-eabi/10.3.1/../../../../arm-none-eabi/lib/thumb/v6-m/nofp/libcr_c.a(remove.o)
                0x0000000000006c08                remove
 .text.__aeabi_division_idivmod
                0x0000000000006c1a       0x78 /Applications/MCUXpressoIDE_11.6.1_8255/ide/plugins/com.nxp.mcuxpresso.tools.macosx_11.6.1.202207200623/tools/bin/../lib/gcc/arm-none-eabi/10.3.1/thumb/v6-m/nofp/libcr_eabihelpers.a(division_32.o)
                0x0000000000006c1a                __aeabi_idiv
                0x0000000000006c1a                __aeabi_idivmod
                0x0000000000006c20                __aeabi_uidiv
                0x0000000000006c20                __aeabi_uidivmod
 .text.__aeabi_division_idiv0
                0x0000000000006c92        0x2 /Applications/MCUXpressoIDE_11.6.1_8255/ide/plugins/com.nxp.mcuxpresso.tools.macosx_11.6.1.202207200623/tools/bin/../lib/gcc/arm-none-eabi/10.3.1/thumb/v6-m/nofp/libcr_eabihelpers.a(division_idiv0.o)
                0x0000000000006c92                __aeabi_idiv0
 .text.__bhs_ui2d
                0x0000000000006c94       0x5e /Applications/MCUXpressoIDE_11.6.1_8255/ide/plugins/com.nxp.mcuxpresso.tools.macosx_11.6.1.202207200623/tools/bin/../lib/gcc/arm-none-eabi/10.3.1/thumb/v6-m/nofp/libcr_eabihelpers.a(double.o)
                0x0000000000006c94                __bhs_ui2d
 .text.__aeabi_i2d
                0x0000000000006cf2       0x18 /Applications/MCUXpressoIDE_11.6.1_8255/ide/plugins/com.nxp.mcuxpresso.tools.macosx_11.6.1.202207200623/tools/bin/../lib/gcc/arm-none-eabi/10.3.1/thumb/v6-m/nofp/libcr_eabihelpers.a(double.o)
                0x0000000000006cf2                __aeabi_i2d
 .text.__aeabi_fcmpeq
                0x0000000000006d0a       0x20 /Applications/MCUXpressoIDE_11.6.1_8255/ide/plugins/com.nxp.mcuxpresso.tools.macosx_11.6.1.202207200623/tools/bin/../lib/gcc/arm-none-eabi/10.3.1/thumb/v6-m/nofp/libcr_eabihelpers.a(float.o)
                0x0000000000006d0a                __aeabi_fcmpeq
 .text.__aeabi_fcmplt
                0x0000000000006d2a       0x42 /Applications/MCUXpressoIDE_11.6.1_8255/ide/plugins/com.nxp.mcuxpresso.tools.macosx_11.6.1.202207200623/tools/bin/../lib/gcc/arm-none-eabi/10.3.1/thumb/v6-m/nofp/libcr_eabihelpers.a(float.o)
                0x0000000000006d2a                __aeabi_fcmplt
 .text.__aeabi_llong_lmul
                0x0000000000006d6c       0x2e /Applications/MCUXpressoIDE_11.6.1_8255/ide/plugins/com.nxp.mcuxpresso.tools.macosx_11.6.1.202207200623/tools/bin/../lib/gcc/arm-none-eabi/10.3.1/thumb/v6-m/nofp/libcr_eabihelpers.a(llong.o)
                0x0000000000006d6c                __aeabi_lmul
 .text.__aeabi_memset_lowlevel
                0x0000000000006d9a       0x2a /Applications/MCUXpressoIDE_11.6.1_8255/ide/plugins/com.nxp.mcuxpresso.tools.macosx_11.6.1.202207200623/tools/bin/../lib/gcc/arm-none-eabi/10.3.1/thumb/v6-m/nofp/libcr_eabihelpers.a(memcpy.o)
                0x0000000000006d9a                __aeabi_lowlevel_memset
 .text.__gnu_thumb1_case_shi
                0x0000000000006dc4       0x10 /Applications/MCUXpressoIDE_11.6.1_8255/ide/plugins/com.nxp.mcuxpresso.tools.macosx_11.6.1.202207200623/tools/bin/../lib/gcc/arm-none-eabi/10.3.1/thumb/v6-m/nofp/libcr_eabihelpers.a(thumb1_switch_helpers.o)
                0x0000000000006dc4                __gnu_thumb1_case_shi
 .text.__sys_close
                0x0000000000006dd4        0xc /Applications/MCUXpressoIDE_11.6.1_8255/ide/plugins/com.nxp.mcuxpresso.tools.macosx_11.6.1.202207200623/tools/bin/../lib/gcc/arm-none-eabi/10.3.1/../../../../arm-none-eabi/lib/thumb/v6-m/nofp/libcr_semihost_nf.a(__sys_close.o)
                0x0000000000006dd4                __sys_close
 .text.__sys_flen
                0x0000000000006de0        0xc /Applications/MCUXpressoIDE_11.6.1_8255/ide/plugins/com.nxp.mcuxpresso.tools.macosx_11.6.1.202207200623/tools/bin/../lib/gcc/arm-none-eabi/10.3.1/../../../../arm-none-eabi/lib/thumb/v6-m/nofp/libcr_semihost_nf.a(__sys_flen.o)
                0x0000000000006de0                __sys_flen
 .text.__sys_istty
                0x0000000000006dec        0xc /Applications/MCUXpressoIDE_11.6.1_8255/ide/plugins/com.nxp.mcuxpresso.tools.macosx_11.6.1.202207200623/tools/bin/../lib/gcc/arm-none-eabi/10.3.1/../../../../arm-none-eabi/lib/thumb/v6-m/nofp/libcr_semihost_nf.a(__sys_istty.o)
                0x0000000000006dec                __sys_istty
 .text.__sys_read
                0x0000000000006df8        0xc /Applications/MCUXpressoIDE_11.6.1_8255/ide/plugins/com.nxp.mcuxpresso.tools.macosx_11.6.1.202207200623/tools/bin/../lib/gcc/arm-none-eabi/10.3.1/../../../../arm-none-eabi/lib/thumb/v6-m/nofp/libcr_semihost_nf.a(__sys_read.o)
                0x0000000000006df8                __sys_read
 .text.__sys_remove
                0x0000000000006e04        0xc /Applications/MCUXpressoIDE_11.6.1_8255/ide/plugins/com.nxp.mcuxpresso.tools.macosx_11.6.1.202207200623/tools/bin/../lib/gcc/arm-none-eabi/10.3.1/../../../../arm-none-eabi/lib/thumb/v6-m/nofp/libcr_semihost_nf.a(__sys_remove.o)
                0x0000000000006e04                __sys_remove
 .text.__sys_seek
                0x0000000000006e10        0xc /Applications/MCUXpressoIDE_11.6.1_8255/ide/plugins/com.nxp.mcuxpresso.tools.macosx_11.6.1.202207200623/tools/bin/../lib/gcc/arm-none-eabi/10.3.1/../../../../arm-none-eabi/lib/thumb/v6-m/nofp/libcr_semihost_nf.a(__sys_seek.o)
                0x0000000000006e10                __sys_seek
 .text.__sys_tmpnam
                0x0000000000006e1c        0xc /Applications/MCUXpressoIDE_11.6.1_8255/ide/plugins/com.nxp.mcuxpresso.tools.macosx_11.6.1.202207200623/tools/bin/../lib/gcc/arm-none-eabi/10.3.1/../../../../arm-none-eabi/lib/thumb/v6-m/nofp/libcr_semihost_nf.a(__sys_tmpnam.o)
                0x0000000000006e1c                __sys_tmpnam
 *(SORT_BY_ALIGNMENT(.rodata) SORT_BY_ALIGNMENT(.rodata.*) SORT_BY_ALIGNMENT(.constdata) SORT_BY_ALIGNMENT(.constdata.*))
 .rodata.a.0    0x0000000000006e28       0x20 /Applications/MCUXpressoIDE_11.6.1_8255/ide/plugins/com.nxp.mcuxpresso.tools.macosx_11.6.1.202207200623/tools/bin/../lib/gcc/arm-none-eabi/10.3.1/../../../../arm-none-eabi/lib/thumb/v6-m/nofp/libcr_c.a(atan.o)
 .rodata.author_handler.str1.4
                0x0000000000006e48       0x21 ./source/Command_Processor.o
 *fill*         0x0000000000006e69        0x3 ff
 .rodata.calibrate_handler.str1.4
                0x0000000000006e6c        0x3 ./source/Command_Processor.o
 *fill*         0x0000000000006e6f        0x1 ff
 .rodata.help_handler.str1.4
                0x0000000000006e70      0x40d ./source/Command_Processor.o
 *fill*         0x000000000000727d        0x3 ff
 .rodata.angle_handler.str1.4
                0x0000000000007280       0x15 ./source/Command_Processor.o
 *fill*         0x0000000000007295        0x3 ff
 .rodata.str1.4
                0x0000000000007298      0x102 ./source/Command_Processor.o
 *fill*         0x000000000000739a        0x2 ff
 .rodata.commands
                0x000000000000739c       0x48 ./source/Command_Processor.o
 .rodata.process_command.str1.4
                0x00000000000073e4       0x1c ./source/Command_Processor.o
 .rodata.my_getstring.str1.4
                0x0000000000007400        0x7 ./source/PES_FINAL_PROJECT.o
 *fill*         0x0000000000007407        0x1 ff
 .rodata.main.str1.4
                0x0000000000007408      0x1ed ./source/PES_FINAL_PROJECT.o
                                        0x1f4 (size before relaxing)
 *fill*         0x00000000000075f5        0x3 ff
 .rodata.calibrate2zero.str1.4
                0x00000000000075f8       0x84 ./source/State_Machine.o
 .rodata.calibrate2state.str1.4
                0x000000000000767c       0x23 ./source/State_Machine.o
 *fill*         0x000000000000769f        0x1 ff
 .rodata.Angle_guage.str1.4
                0x00000000000076a0       0x79 ./source/State_Machine.o
                                         0x91 (size before relaxing)
 *fill*         0x0000000000007719        0x3 ff
 .rodata.test_angle_detect_color.str1.4
                0x000000000000771c       0xf2 ./source/Test_MMA8451.o
 *fill*         0x000000000000780e        0x2 ff
 .rodata.test_equal.str1.4
                0x0000000000007810       0x14 ./source/Test_cbfifo.o
 .rodata.test_cbfifo_one_iteration.str1.4
                0x0000000000007824      0x275 ./source/Test_cbfifo.o
 *fill*         0x0000000000007a99        0x3 ff
 .rodata.test_cbfifo.str1.4
                0x0000000000007a9c       0x13 ./source/Test_cbfifo.o
 *fill*         0x0000000000007aaf        0x1 ff
 .rodata.CLOCK_GetMcgExtClkFreq.str1.4
                0x0000000000007ab0       0x1e ./drivers/fsl_clock.o
 *fill*         0x0000000000007ace        0x2 ff
 .rodata.CLOCK_GetPll0Freq.str1.4
                0x0000000000007ad0       0x1d ./drivers/fsl_clock.o
 *fill*         0x0000000000007aed        0x3 ff
 .rodata.CLOCK_EnablePll0.str1.4
                0x0000000000007af0       0x19 ./drivers/fsl_clock.o
 *fill*         0x0000000000007b09        0x3 ff
 .rodata.CLOCK_SetPbeMode.str1.4
                0x0000000000007b0c       0x1a ./drivers/fsl_clock.o
 *fill*         0x0000000000007b26        0x2 ff
 .rodata.CLOCK_BootToPeeMode.str1.4
                0x0000000000007b28       0x1a ./drivers/fsl_clock.o
 *fill*         0x0000000000007b42        0x2 ff
 .rodata.fllFactorTable.1
                0x0000000000007b44       0x10 ./drivers/fsl_clock.o
 .rodata.LPSCI_GetInstance.str1.4
                0x0000000000007b54       0x36 ./drivers/fsl_lpsci.o
 *fill*         0x0000000000007b8a        0x2 ff
 .rodata.LPSCI_Init.str1.4
                0x0000000000007b8c       0x43 ./drivers/fsl_lpsci.o
 *fill*         0x0000000000007bcf        0x1 ff
 .rodata.LPSCI_GetDefaultConfig.str1.4
                0x0000000000007bd0       0x19 ./drivers/fsl_lpsci.o
 *fill*         0x0000000000007be9        0x3 ff
 .rodata.LPSCI_WriteBlocking.str1.4
                0x0000000000007bec       0x17 ./drivers/fsl_lpsci.o
 *fill*         0x0000000000007c03        0x1 ff
 .rodata.LPSCI_ReadBlocking.str1.4
                0x0000000000007c04       0x17 ./drivers/fsl_lpsci.o
 *fill*         0x0000000000007c1b        0x1 ff
 .rodata.s_uartBases
                0x0000000000007c1c        0xc ./drivers/fsl_uart.o
 .rodata.s_uartClock
                0x0000000000007c28        0xc ./drivers/fsl_uart.o
 .rodata.UART_GetInstance.str1.4
                0x0000000000007c34       0x2b ./drivers/fsl_uart.o
 *fill*         0x0000000000007c5f        0x1 ff
 .rodata.UART_Init.str1.4
                0x0000000000007c60       0x3e ./drivers/fsl_uart.o
 *fill*         0x0000000000007c9e        0x2 ff
 .rodata.UART_GetDefaultConfig.str1.4
                0x0000000000007ca0       0x18 ./drivers/fsl_uart.o
 .rodata.UART_ReadBlocking.str1.4
                0x0000000000007cb8       0x16 ./drivers/fsl_uart.o
 *fill*         0x0000000000007cce        0x2 ff
 .rodata.mcgConfig_BOARD_BootClockRUN
                0x0000000000007cd0        0xa ./board/clock_config.o
                0x0000000000007cd0                mcgConfig_BOARD_BootClockRUN
 *fill*         0x0000000000007cda        0x2 ff
 .rodata.simConfig_BOARD_BootClockRUN
                0x0000000000007cdc        0x8 ./board/clock_config.o
                0x0000000000007cdc                simConfig_BOARD_BootClockRUN
 .rodata.oscConfig_BOARD_BootClockRUN
                0x0000000000007ce4        0x8 ./board/clock_config.o
                0x0000000000007ce4                oscConfig_BOARD_BootClockRUN
 .rodata.__num_Ciob_streams
                0x0000000000007cec        0x4 /Applications/MCUXpressoIDE_11.6.1_8255/ide/plugins/com.nxp.mcuxpresso.tools.macosx_11.6.1.202207200623/tools/bin/../lib/gcc/arm-none-eabi/10.3.1/../../../../arm-none-eabi/lib/thumb/v6-m/nofp/libcr_semihost_nf.a(__ciob.o)
                0x0000000000007cec                __num_Ciob_streams
 .rodata.__assertion_failed.str1.1
                0x0000000000007cf0       0x15 /Applications/MCUXpressoIDE_11.6.1_8255/ide/plugins/com.nxp.mcuxpresso.tools.macosx_11.6.1.202207200623/tools/bin/../lib/gcc/arm-none-eabi/10.3.1/../../../../arm-none-eabi/lib/thumb/v6-m/nofp/libcr_semihost_nf.a(_cr_assert.o)
 .rodata._Csys_alloc.str1.1
                0x0000000000007d05       0x18 /Applications/MCUXpressoIDE_11.6.1_8255/ide/plugins/com.nxp.mcuxpresso.tools.macosx_11.6.1.202207200623/tools/bin/../lib/gcc/arm-none-eabi/10.3.1/../../../../arm-none-eabi/lib/thumb/v6-m/nofp/libcr_c.a(alloc.o)
 .rodata.fp_display.str1.1
                0x0000000000007d1d       0x32 /Applications/MCUXpressoIDE_11.6.1_8255/ide/plugins/com.nxp.mcuxpresso.tools.macosx_11.6.1.202207200623/tools/bin/../lib/gcc/arm-none-eabi/10.3.1/../../../../arm-none-eabi/lib/thumb/v6-m/nofp/libcr_c.a(fpprintf.o)
                                         0x35 (size before relaxing)
 .rodata._initio.str1.1
                0x0000000000007d4f        0x4 /Applications/MCUXpressoIDE_11.6.1_8255/ide/plugins/com.nxp.mcuxpresso.tools.macosx_11.6.1.202207200623/tools/bin/../lib/gcc/arm-none-eabi/10.3.1/../../../../arm-none-eabi/lib/thumb/v6-m/nofp/libcr_c.a(initio.o)
 .rodata.__vfprintf.str1.1
                0x0000000000007d53       0x31 /Applications/MCUXpressoIDE_11.6.1_8255/ide/plugins/com.nxp.mcuxpresso.tools.macosx_11.6.1.202207200623/tools/bin/../lib/gcc/arm-none-eabi/10.3.1/../../../../arm-none-eabi/lib/thumb/v6-m/nofp/libcr_c.a(printf.o)
                                         0x38 (size before relaxing)
 .rodata.__ctype
                0x0000000000007d84      0x180 /Applications/MCUXpressoIDE_11.6.1_8255/ide/plugins/com.nxp.mcuxpresso.tools.macosx_11.6.1.202207200623/tools/bin/../lib/gcc/arm-none-eabi/10.3.1/../../../../arm-none-eabi/lib/thumb/v6-m/nofp/libcr_c.a(ctype.o)
                0x0000000000007d84                __ctype
                0x0000000000007f04                . = ALIGN (0x4)
                0x0000000000007f04                _etext = .

.glue_7         0x0000000000007f04        0x0
 .glue_7        0x0000000000007f04        0x0 linker stubs

.glue_7t        0x0000000000007f04        0x0
 .glue_7t       0x0000000000007f04        0x0 linker stubs

.vfp11_veneer   0x0000000000007f04        0x0
 .vfp11_veneer  0x0000000000007f04        0x0 linker stubs

.v4_bx          0x0000000000007f04        0x0
 .v4_bx         0x0000000000007f04        0x0 linker stubs

.iplt           0x0000000000007f04        0x0
 .iplt          0x0000000000007f04        0x0 ./utilities/fsl_debug_console.o

.rel.dyn        0x0000000000007f04        0x0
 .rel.iplt      0x0000000000007f04        0x0 ./utilities/fsl_debug_console.o

.m_usb_data
 *(SORT_BY_ALIGNMENT(m_usb_bdt))

.mtb_buffer_default
                0x000000001ffff000       0x80
 *(SORT_BY_ALIGNMENT(.mtb*))
 .mtb.$RAM1     0x000000001ffff000       0x80 ./source/mtb.o
                0x000000001ffff000                __mtb_buffer__

.uninit_RESERVED
                0x000000001ffff080        0x0
                0x000000001ffff080                _start_uninit_RESERVED = .
 *(SORT_BY_ALIGNMENT(.bss.$RESERVED*))
                0x000000001ffff080                . = ALIGN (0x4)
                0x000000001ffff080                _end_uninit_RESERVED = .

.data           0x000000001ffff080        0x8 load address 0x0000000000007f04
 FILL mask 0xff
                0x000000001ffff080                _data = .
                [!provide]                        PROVIDE (__start_data_RAM = .)
                [!provide]                        PROVIDE (__start_data_SRAM = .)
 *(SORT_BY_ALIGNMENT(vtable))
 *(SORT_BY_ALIGNMENT(.ramfunc*))
 *(SORT_BY_ALIGNMENT(CodeQuickAccess))
 *(SORT_BY_ALIGNMENT(DataQuickAccess))
 *(SORT_BY_ALIGNMENT(RamFunction))
 *(SORT_BY_ALIGNMENT(.data*))
 .data.s_slowIrcFreq
                0x000000001ffff080        0x4 ./drivers/fsl_clock.o
 .data.SystemCoreClock
                0x000000001ffff084        0x4 ./CMSIS/system_MKL25Z4.o
                0x000000001ffff084                SystemCoreClock
                0x000000001ffff088                . = ALIGN (0x4)
                0x000000001ffff088                _edata = .
                [!provide]                        PROVIDE (__end_data_RAM = .)
                [!provide]                        PROVIDE (__end_data_SRAM = .)

.igot.plt       0x000000001ffff088        0x0 load address 0x0000000000007f0c
 .igot.plt      0x000000001ffff088        0x0 ./utilities/fsl_debug_console.o

.bss            0x000000001ffff088      0x468
                0x000000001ffff088                _bss = .
                [!provide]                        PROVIDE (__start_bss_RAM = .)
                [!provide]                        PROVIDE (__start_bss_SRAM = .)
 *(SORT_BY_ALIGNMENT(.bss*))
 .bss.s_debugConsole
                0x000000001ffff088       0x10 ./utilities/fsl_debug_console.o
 .bss.flag      0x000000001ffff098        0x4 ./source/Command_Processor.o
                0x000000001ffff098                flag
 .bss.lock_detect
                0x000000001ffff09c        0x4 ./source/I2C.o
                0x000000001ffff09c                lock_detect
 .bss.i2c_lock  0x000000001ffff0a0        0x4 ./source/I2C.o
                0x000000001ffff0a0                i2c_lock
 .bss.roll      0x000000001ffff0a4        0x4 ./source/MMA8451.o
                0x000000001ffff0a4                roll
 .bss.pitch     0x000000001ffff0a8        0x4 ./source/MMA8451.o
                0x000000001ffff0a8                pitch
 .bss.ref_roll  0x000000001ffff0ac        0x4 ./source/MMA8451.o
                0x000000001ffff0ac                ref_roll
 .bss.ref_pitch
                0x000000001ffff0b0        0x4 ./source/MMA8451.o
                0x000000001ffff0b0                ref_pitch
 .bss.reference_angle1
                0x000000001ffff0b4        0x4 ./source/State_Machine.o
                0x000000001ffff0b4                reference_angle1
 .bss.reference_angle2
                0x000000001ffff0b8        0x4 ./source/State_Machine.o
                0x000000001ffff0b8                reference_angle2
 .bss.roll_angle
                0x000000001ffff0bc        0x4 ./source/State_Machine.o
                0x000000001ffff0bc                roll_angle
 .bss.pitch_angle
                0x000000001ffff0c0        0x4 ./source/State_Machine.o
                0x000000001ffff0c0                pitch_angle
 .bss.roll_degree
                0x000000001ffff0c4        0x4 ./source/State_Machine.o
                0x000000001ffff0c4                roll_degree
 .bss.pitch_degree
                0x000000001ffff0c8        0x4 ./source/State_Machine.o
                0x000000001ffff0c8                pitch_degree
 .bss.count     0x000000001ffff0cc        0x4 ./source/Systick.o
                0x000000001ffff0cc                count
 .bss.Real_count
                0x000000001ffff0d0        0x4 ./source/Systick.o
                0x000000001ffff0d0                Real_count
 .bss.touch     0x000000001ffff0d4        0x4 ./source/TSI_Init.o
                0x000000001ffff0d4                touch
 .bss.touch_flag
                0x000000001ffff0d8        0x4 ./source/TSI_Init.o
                0x000000001ffff0d8                touch_flag
 .bss.g_tests_passed
                0x000000001ffff0dc        0x4 ./source/Test_cbfifo.o
                0x000000001ffff0dc                g_tests_passed
 .bss.g_tests_total
                0x000000001ffff0e0        0x4 ./source/Test_cbfifo.o
                0x000000001ffff0e0                g_tests_total
 .bss.cb_test   0x000000001ffff0e4      0x10c ./source/Test_cbfifo.o
                0x000000001ffff0e4                cb_test
 .bss.Tx        0x000000001ffff1f0      0x10c ./source/UART.o
                0x000000001ffff1f0                Tx
 .bss.Rx        0x000000001ffff2fc      0x10c ./source/UART.o
                0x000000001ffff2fc                Rx
 .bss.g_xtal0Freq
                0x000000001ffff408        0x4 ./drivers/fsl_clock.o
                0x000000001ffff408                g_xtal0Freq
 .bss.s_lpsciHandle
                0x000000001ffff40c        0x4 ./drivers/fsl_lpsci.o
 .bss.s_lpsciIsr
                0x000000001ffff410        0x4 ./drivers/fsl_lpsci.o
 .bss.s_uartHandle
                0x000000001ffff414        0xc ./drivers/fsl_uart.o
 .bss.s_uartIsr
                0x000000001ffff420        0x4 ./drivers/fsl_uart.o
 .bss.__Ciob    0x000000001ffff424       0xb4 /Applications/MCUXpressoIDE_11.6.1_8255/ide/plugins/com.nxp.mcuxpresso.tools.macosx_11.6.1.202207200623/tools/bin/../lib/gcc/arm-none-eabi/10.3.1/../../../../arm-none-eabi/lib/thumb/v6-m/nofp/libcr_semihost_nf.a(__ciob.o)
                0x000000001ffff424                __Ciob
 .bss.errno     0x000000001ffff4d8        0x4 /Applications/MCUXpressoIDE_11.6.1_8255/ide/plugins/com.nxp.mcuxpresso.tools.macosx_11.6.1.202207200623/tools/bin/../lib/gcc/arm-none-eabi/10.3.1/../../../../arm-none-eabi/lib/thumb/v6-m/nofp/libcr_c.a(errno.o)
                0x000000001ffff4d8                errno
 .bss.__end_of_heap
                0x000000001ffff4dc        0x4 /Applications/MCUXpressoIDE_11.6.1_8255/ide/plugins/com.nxp.mcuxpresso.tools.macosx_11.6.1.202207200623/tools/bin/../lib/gcc/arm-none-eabi/10.3.1/../../../../arm-none-eabi/lib/thumb/v6-m/nofp/libcr_c.a(__init_alloc.o)
                0x000000001ffff4dc                __end_of_heap
 .bss.__heaps   0x000000001ffff4e0        0x4 /Applications/MCUXpressoIDE_11.6.1_8255/ide/plugins/com.nxp.mcuxpresso.tools.macosx_11.6.1.202207200623/tools/bin/../lib/gcc/arm-none-eabi/10.3.1/../../../../arm-none-eabi/lib/thumb/v6-m/nofp/libcr_c.a(__init_alloc.o)
                0x000000001ffff4e0                __heaps
 .bss.acc_X     0x000000001ffff4e4        0x2 ./source/MMA8451.o
                0x000000001ffff4e4                acc_X
 .bss.acc_Y     0x000000001ffff4e6        0x2 ./source/MMA8451.o
                0x000000001ffff4e6                acc_Y
 .bss.acc_Z     0x000000001ffff4e8        0x2 ./source/MMA8451.o
                0x000000001ffff4e8                acc_Z
 .bss.Switch_pressed
                0x000000001ffff4ea        0x1 ./source/GPIO_RESET.o
                0x000000001ffff4ea                Switch_pressed
 .bss.new_state
                0x000000001ffff4eb        0x1 ./source/State_Machine.o
                0x000000001ffff4eb                new_state
 .bss.ch        0x000000001ffff4ec        0x1 ./source/UART.o
                0x000000001ffff4ec                ch
 *(SORT_BY_ALIGNMENT(COMMON))
                0x000000001ffff4f0                . = ALIGN (0x4)
 *fill*         0x000000001ffff4ed        0x3 
                0x000000001ffff4f0                _ebss = .
                [!provide]                        PROVIDE (__end_bss_RAM = .)
                [!provide]                        PROVIDE (__end_bss_SRAM = .)
                [!provide]                        PROVIDE (end = .)

.noinit         0x000000001ffff4f0        0x0
                0x000000001ffff4f0                _noinit = .
                [!provide]                        PROVIDE (__start_noinit_RAM = .)
                [!provide]                        PROVIDE (__start_noinit_SRAM = .)
 *(SORT_BY_ALIGNMENT(.noinit*))
                0x000000001ffff4f0                . = ALIGN (0x4)
                0x000000001ffff4f0                _end_noinit = .
                [!provide]                        PROVIDE (__end_noinit_RAM = .)
                [!provide]                        PROVIDE (__end_noinit_SRAM = .)

.ARM.extab
 *(SORT_BY_ALIGNMENT(.ARM.extab*) SORT_BY_ALIGNMENT(.gnu.linkonce.armextab.*))

.ARM.exidx      0x0000000000007f0c        0x0
                0x0000000000007f0c                __exidx_start = .
 *(SORT_BY_ALIGNMENT(.ARM.exidx*) SORT_BY_ALIGNMENT(.gnu.linkonce.armexidx.*))
                0x0000000000007f0c                __exidx_end = .
                0x0000000000000400                _HeapSize = 0x400

.heap           0x000000001ffff4f0      0x400
                0x000000001ffff4f0                _pvHeapStart = .
                0x000000001ffff8f0                . = (. + _HeapSize)
 *fill*         0x000000001ffff4f0      0x400 
                0x000000001ffff8f0                . = ALIGN (0x4)
                0x000000001ffff8f0                _pvHeapLimit = .
                0x0000000000000400                _StackSize = 0x400

.heap2stackfill
                0x000000001ffff8f0      0x400
                0x000000001ffffcf0                . = (. + _StackSize)
 *fill*         0x000000001ffff8f0      0x400 

.stack          0x0000000020002c00        0x0
                0x0000000020002c00                _vStackBase = .
                0x0000000020002c00                . = ALIGN (0x4)
                0x0000000020003000                _vStackTop = (. + _StackSize)
                0x0000000000000000                _image_start = LOADADDR (.text)
                0x0000000000007f0c                _image_end = (LOADADDR (.data) + SIZEOF (.data))
                0x0000000000007f0c                _image_size = (_image_end - _image_start)
OUTPUT(Digital_angle_gauge.axf elf32-littlearm)
LOAD linker stubs

.debug_info     0x0000000000000000     0xb2c6
 .debug_info    0x0000000000000000      0x8d2 ./utilities/fsl_debug_console.o
 .debug_info    0x00000000000008d2      0x4eb ./startup/startup_mkl25z4.o
 .debug_info    0x0000000000000dbd      0x473 ./source/Command_Processor.o
 .debug_info    0x0000000000001230      0x751 ./source/GPIO_RESET.o
 .debug_info    0x0000000000001981      0x6a2 ./source/I2C.o
 .debug_info    0x0000000000002023      0x3d2 ./source/MMA8451.o
 .debug_info    0x00000000000023f5      0x726 ./source/PES_FINAL_PROJECT.o
 .debug_info    0x0000000000002b1b      0x65d ./source/PWM.o
 .debug_info    0x0000000000003178      0x3eb ./source/State_Machine.o
 .debug_info    0x0000000000003563      0x5dc ./source/Systick.o
 .debug_info    0x0000000000003b3f      0x8d1 ./source/TSI_Init.o
 .debug_info    0x0000000000004410       0xba ./source/Test_MMA8451.o
 .debug_info    0x00000000000044ca      0x382 ./source/Test_cbfifo.o
 .debug_info    0x000000000000484c      0xadb ./source/UART.o
 .debug_info    0x0000000000005327      0x38c ./source/cbfifo.o
 .debug_info    0x00000000000056b3       0x53 ./source/mtb.o
 .debug_info    0x0000000000005706       0x3c ./source/semihost_hardfault.o
 .debug_info    0x0000000000005742      0x194 ./source/sysclock.o
 .debug_info    0x00000000000058d6     0x1a5a ./drivers/fsl_clock.o
 .debug_info    0x0000000000007330     0x140d ./drivers/fsl_lpsci.o
 .debug_info    0x000000000000873d     0x13ae ./drivers/fsl_uart.o
 .debug_info    0x0000000000009aeb      0x39b ./board/board.o
 .debug_info    0x0000000000009e86      0xabc ./board/clock_config.o
 .debug_info    0x000000000000a942       0x3c ./board/peripherals.o
 .debug_info    0x000000000000a97e      0x547 ./board/pin_mux.o
 .debug_info    0x000000000000aec5      0x401 ./CMSIS/system_MKL25Z4.o

.debug_abbrev   0x0000000000000000     0x2738
 .debug_abbrev  0x0000000000000000      0x1e8 ./utilities/fsl_debug_console.o
 .debug_abbrev  0x00000000000001e8      0x198 ./startup/startup_mkl25z4.o
 .debug_abbrev  0x0000000000000380      0x17c ./source/Command_Processor.o
 .debug_abbrev  0x00000000000004fc      0x16d ./source/GPIO_RESET.o
 .debug_abbrev  0x0000000000000669      0x1af ./source/I2C.o
 .debug_abbrev  0x0000000000000818      0x149 ./source/MMA8451.o
 .debug_abbrev  0x0000000000000961      0x1bc ./source/PES_FINAL_PROJECT.o
 .debug_abbrev  0x0000000000000b1d      0x15f ./source/PWM.o
 .debug_abbrev  0x0000000000000c7c      0x13e ./source/State_Machine.o
 .debug_abbrev  0x0000000000000dba      0x1d6 ./source/Systick.o
 .debug_abbrev  0x0000000000000f90      0x19f ./source/TSI_Init.o
 .debug_abbrev  0x000000000000112f       0x70 ./source/Test_MMA8451.o
 .debug_abbrev  0x000000000000119f      0x15a ./source/Test_cbfifo.o
 .debug_abbrev  0x00000000000012f9      0x238 ./source/UART.o
 .debug_abbrev  0x0000000000001531      0x1b9 ./source/cbfifo.o
 .debug_abbrev  0x00000000000016ea       0x46 ./source/mtb.o
 .debug_abbrev  0x0000000000001730       0x31 ./source/semihost_hardfault.o
 .debug_abbrev  0x0000000000001761       0xb4 ./source/sysclock.o
 .debug_abbrev  0x0000000000001815      0x357 ./drivers/fsl_clock.o
 .debug_abbrev  0x0000000000001b6c      0x2d7 ./drivers/fsl_lpsci.o
 .debug_abbrev  0x0000000000001e43      0x2f1 ./drivers/fsl_uart.o
 .debug_abbrev  0x0000000000002134      0x11b ./board/board.o
 .debug_abbrev  0x000000000000224f      0x201 ./board/clock_config.o
 .debug_abbrev  0x0000000000002450       0x31 ./board/peripherals.o
 .debug_abbrev  0x0000000000002481      0x189 ./board/pin_mux.o
 .debug_abbrev  0x000000000000260a      0x12e ./CMSIS/system_MKL25Z4.o

.debug_aranges  0x0000000000000000      0xa70
 .debug_aranges
                0x0000000000000000       0x58 ./utilities/fsl_debug_console.o
 .debug_aranges
                0x0000000000000058      0x160 ./startup/startup_mkl25z4.o
 .debug_aranges
                0x00000000000001b8       0x50 ./source/Command_Processor.o
 .debug_aranges
                0x0000000000000208       0x30 ./source/GPIO_RESET.o
 .debug_aranges
                0x0000000000000238       0x58 ./source/I2C.o
 .debug_aranges
                0x0000000000000290       0x40 ./source/MMA8451.o
 .debug_aranges
                0x00000000000002d0       0x30 ./source/PES_FINAL_PROJECT.o
 .debug_aranges
                0x0000000000000300       0x28 ./source/PWM.o
 .debug_aranges
                0x0000000000000328       0x50 ./source/State_Machine.o
 .debug_aranges
                0x0000000000000378       0x48 ./source/Systick.o
 .debug_aranges
                0x00000000000003c0       0x48 ./source/TSI_Init.o
 .debug_aranges
                0x0000000000000408       0x28 ./source/Test_MMA8451.o
 .debug_aranges
                0x0000000000000430       0x38 ./source/Test_cbfifo.o
 .debug_aranges
                0x0000000000000468       0x48 ./source/UART.o
 .debug_aranges
                0x00000000000004b0       0x48 ./source/cbfifo.o
 .debug_aranges
                0x00000000000004f8       0x18 ./source/mtb.o
 .debug_aranges
                0x0000000000000510       0x20 ./source/semihost_hardfault.o
 .debug_aranges
                0x0000000000000530       0x20 ./source/sysclock.o
 .debug_aranges
                0x0000000000000550      0x1d8 ./drivers/fsl_clock.o
 .debug_aranges
                0x0000000000000728      0x118 ./drivers/fsl_lpsci.o
 .debug_aranges
                0x0000000000000840      0x130 ./drivers/fsl_uart.o
 .debug_aranges
                0x0000000000000970       0x28 ./board/board.o
 .debug_aranges
                0x0000000000000998       0x58 ./board/clock_config.o
 .debug_aranges
                0x00000000000009f0       0x20 ./board/peripherals.o
 .debug_aranges
                0x0000000000000a10       0x38 ./board/pin_mux.o
 .debug_aranges
                0x0000000000000a48       0x28 ./CMSIS/system_MKL25Z4.o

.debug_ranges   0x0000000000000000      0x8c8
 .debug_ranges  0x0000000000000000       0x48 ./utilities/fsl_debug_console.o
 .debug_ranges  0x0000000000000048      0x150 ./startup/startup_mkl25z4.o
 .debug_ranges  0x0000000000000198       0x40 ./source/Command_Processor.o
 .debug_ranges  0x00000000000001d8       0x20 ./source/GPIO_RESET.o
 .debug_ranges  0x00000000000001f8       0x48 ./source/I2C.o
 .debug_ranges  0x0000000000000240       0x30 ./source/MMA8451.o
 .debug_ranges  0x0000000000000270       0x20 ./source/PES_FINAL_PROJECT.o
 .debug_ranges  0x0000000000000290       0x18 ./source/PWM.o
 .debug_ranges  0x00000000000002a8       0x40 ./source/State_Machine.o
 .debug_ranges  0x00000000000002e8       0x38 ./source/Systick.o
 .debug_ranges  0x0000000000000320       0x38 ./source/TSI_Init.o
 .debug_ranges  0x0000000000000358       0x18 ./source/Test_MMA8451.o
 .debug_ranges  0x0000000000000370       0x28 ./source/Test_cbfifo.o
 .debug_ranges  0x0000000000000398       0x38 ./source/UART.o
 .debug_ranges  0x00000000000003d0       0x38 ./source/cbfifo.o
 .debug_ranges  0x0000000000000408       0x10 ./source/semihost_hardfault.o
 .debug_ranges  0x0000000000000418       0x10 ./source/sysclock.o
 .debug_ranges  0x0000000000000428      0x1c8 ./drivers/fsl_clock.o
 .debug_ranges  0x00000000000005f0      0x108 ./drivers/fsl_lpsci.o
 .debug_ranges  0x00000000000006f8      0x120 ./drivers/fsl_uart.o
 .debug_ranges  0x0000000000000818       0x18 ./board/board.o
 .debug_ranges  0x0000000000000830       0x48 ./board/clock_config.o
 .debug_ranges  0x0000000000000878       0x10 ./board/peripherals.o
 .debug_ranges  0x0000000000000888       0x28 ./board/pin_mux.o
 .debug_ranges  0x00000000000008b0       0x18 ./CMSIS/system_MKL25Z4.o

.debug_macro    0x0000000000000000     0xf2cb
 .debug_macro   0x0000000000000000      0x13a ./utilities/fsl_debug_console.o
 .debug_macro   0x000000000000013a      0xa8a ./utilities/fsl_debug_console.o
 .debug_macro   0x0000000000000bc4       0x10 ./utilities/fsl_debug_console.o
 .debug_macro   0x0000000000000bd4       0x16 ./utilities/fsl_debug_console.o
 .debug_macro   0x0000000000000bea       0x10 ./utilities/fsl_debug_console.o
 .debug_macro   0x0000000000000bfa      0x12e ./utilities/fsl_debug_console.o
 .debug_macro   0x0000000000000d28       0x28 ./utilities/fsl_debug_console.o
 .debug_macro   0x0000000000000d50       0xc4 ./utilities/fsl_debug_console.o
 .debug_macro   0x0000000000000e14       0x16 ./utilities/fsl_debug_console.o
 .debug_macro   0x0000000000000e2a       0x22 ./utilities/fsl_debug_console.o
 .debug_macro   0x0000000000000e4c      0x5b3 ./utilities/fsl_debug_console.o
 .debug_macro   0x00000000000013ff       0x10 ./utilities/fsl_debug_console.o
 .debug_macro   0x000000000000140f       0x3f ./utilities/fsl_debug_console.o
 .debug_macro   0x000000000000144e       0x3a ./utilities/fsl_debug_console.o
 .debug_macro   0x0000000000001488       0x26 ./utilities/fsl_debug_console.o
 .debug_macro   0x00000000000014ae      0x329 ./utilities/fsl_debug_console.o
 .debug_macro   0x00000000000017d7       0x30 ./utilities/fsl_debug_console.o
 .debug_macro   0x0000000000001807     0x51e2 ./utilities/fsl_debug_console.o
 .debug_macro   0x00000000000069e9     0x1352 ./utilities/fsl_debug_console.o
 .debug_macro   0x0000000000007d3b       0x3a ./utilities/fsl_debug_console.o
 .debug_macro   0x0000000000007d75       0xf4 ./utilities/fsl_debug_console.o
 .debug_macro   0x0000000000007e69       0x35 ./utilities/fsl_debug_console.o
 .debug_macro   0x0000000000007e9e       0xa8 ./utilities/fsl_debug_console.o
 .debug_macro   0x0000000000007f46       0x2e ./utilities/fsl_debug_console.o
 .debug_macro   0x0000000000007f74       0x10 ./utilities/fsl_debug_console.o
 .debug_macro   0x0000000000007f84       0x10 ./utilities/fsl_debug_console.o
 .debug_macro   0x0000000000007f94       0x29 ./startup/startup_mkl25z4.o
 .debug_macro   0x0000000000007fbd      0x1bd ./source/Command_Processor.o
 .debug_macro   0x000000000000817a       0x34 ./source/Command_Processor.o
 .debug_macro   0x00000000000081ae       0xae ./source/Command_Processor.o
 .debug_macro   0x000000000000825c       0x40 ./source/Command_Processor.o
 .debug_macro   0x000000000000829c       0x16 ./source/Command_Processor.o
 .debug_macro   0x00000000000082b2       0x10 ./source/Command_Processor.o
 .debug_macro   0x00000000000082c2      0x112 ./source/Command_Processor.o
 .debug_macro   0x00000000000083d4       0x22 ./source/Command_Processor.o
 .debug_macro   0x00000000000083f6       0x58 ./source/Command_Processor.o
 .debug_macro   0x000000000000844e       0x22 ./source/Command_Processor.o
 .debug_macro   0x0000000000008470       0x10 ./source/Command_Processor.o
 .debug_macro   0x0000000000008480       0x10 ./source/Command_Processor.o
 .debug_macro   0x0000000000008490       0x1c ./source/Command_Processor.o
 .debug_macro   0x00000000000084ac       0x1c ./source/Command_Processor.o
 .debug_macro   0x00000000000084c8      0x16c ./source/GPIO_RESET.o
 .debug_macro   0x0000000000008634       0x16 ./source/GPIO_RESET.o
 .debug_macro   0x000000000000864a      0x163 ./source/I2C.o
 .debug_macro   0x00000000000087ad      0x176 ./source/MMA8451.o
 .debug_macro   0x0000000000008923       0x3f ./source/MMA8451.o
 .debug_macro   0x0000000000008962     0x51e2 ./source/MMA8451.o
 .debug_macro   0x000000000000db44       0x52 ./source/MMA8451.o
 .debug_macro   0x000000000000db96      0x1de ./source/PES_FINAL_PROJECT.o
 .debug_macro   0x000000000000dd74       0x10 ./source/PES_FINAL_PROJECT.o
 .debug_macro   0x000000000000dd84      0x16d ./source/PWM.o
 .debug_macro   0x000000000000def1      0x1c3 ./source/State_Machine.o
 .debug_macro   0x000000000000e0b4      0x16d ./source/Systick.o
 .debug_macro   0x000000000000e221      0x16c ./source/TSI_Init.o
 .debug_macro   0x000000000000e38d      0x125 ./source/Test_MMA8451.o
 .debug_macro   0x000000000000e4b2       0x1c ./source/Test_MMA8451.o
 .debug_macro   0x000000000000e4ce      0x1a7 ./source/Test_cbfifo.o
 .debug_macro   0x000000000000e675       0x1c ./source/Test_cbfifo.o
 .debug_macro   0x000000000000e691       0x34 ./source/Test_cbfifo.o
 .debug_macro   0x000000000000e6c5      0x1a8 ./source/UART.o
 .debug_macro   0x000000000000e86d      0x173 ./source/cbfifo.o
 .debug_macro   0x000000000000e9e0       0x2f ./source/mtb.o
 .debug_macro   0x000000000000ea0f       0x82 ./source/mtb.o
 .debug_macro   0x000000000000ea91       0x10 ./source/mtb.o
 .debug_macro   0x000000000000eaa1       0x11 ./source/semihost_hardfault.o
 .debug_macro   0x000000000000eab2       0x91 ./source/sysclock.o
 .debug_macro   0x000000000000eb43      0x196 ./drivers/fsl_clock.o
 .debug_macro   0x000000000000ecd9       0xec ./drivers/fsl_lpsci.o
 .debug_macro   0x000000000000edc5       0xf2 ./drivers/fsl_uart.o
 .debug_macro   0x000000000000eeb7      0x12b ./board/board.o
 .debug_macro   0x000000000000efe2      0x123 ./board/clock_config.o
 .debug_macro   0x000000000000f105       0x1b ./board/peripherals.o
 .debug_macro   0x000000000000f120      0x107 ./board/pin_mux.o
 .debug_macro   0x000000000000f227       0x10 ./board/pin_mux.o
 .debug_macro   0x000000000000f237       0x94 ./CMSIS/system_MKL25Z4.o

.debug_line     0x0000000000000000     0x8eef
 .debug_line    0x0000000000000000      0x531 ./utilities/fsl_debug_console.o
 .debug_line    0x0000000000000531      0x1ed ./startup/startup_mkl25z4.o
 .debug_line    0x000000000000071e      0x5fa ./source/Command_Processor.o
 .debug_line    0x0000000000000d18      0x47a ./source/GPIO_RESET.o
 .debug_line    0x0000000000001192      0x59c ./source/I2C.o
 .debug_line    0x000000000000172e      0x5aa ./source/MMA8451.o
 .debug_line    0x0000000000001cd8      0x5b0 ./source/PES_FINAL_PROJECT.o
 .debug_line    0x0000000000002288      0x480 ./source/PWM.o
 .debug_line    0x0000000000002708      0x69b ./source/State_Machine.o
 .debug_line    0x0000000000002da3      0x50a ./source/Systick.o
 .debug_line    0x00000000000032ad      0x540 ./source/TSI_Init.o
 .debug_line    0x00000000000037ed      0x4b5 ./source/Test_MMA8451.o
 .debug_line    0x0000000000003ca2      0x54d ./source/Test_cbfifo.o
 .debug_line    0x00000000000041ef      0x5ce ./source/UART.o
 .debug_line    0x00000000000047bd      0x5ce ./source/cbfifo.o
 .debug_line    0x0000000000004d8b       0xd9 ./source/mtb.o
 .debug_line    0x0000000000004e64       0x59 ./source/semihost_hardfault.o
 .debug_line    0x0000000000004ebd      0x266 ./source/sysclock.o
 .debug_line    0x0000000000005123     0x1320 ./drivers/fsl_clock.o
 .debug_line    0x0000000000006443      0xd99 ./drivers/fsl_lpsci.o
 .debug_line    0x00000000000071dc      0xd88 ./drivers/fsl_uart.o
 .debug_line    0x0000000000007f64      0x403 ./board/board.o
 .debug_line    0x0000000000008367      0x431 ./board/clock_config.o
 .debug_line    0x0000000000008798       0x5c ./board/peripherals.o
 .debug_line    0x00000000000087f4      0x3b8 ./board/pin_mux.o
 .debug_line    0x0000000000008bac      0x343 ./CMSIS/system_MKL25Z4.o

.debug_str      0x0000000000000000    0x36646
 .debug_str     0x0000000000000000    0x313c5 ./utilities/fsl_debug_console.o
                                      0x31619 (size before relaxing)
 .debug_str     0x00000000000313c5      0x3cd ./startup/startup_mkl25z4.o
                                       0x30fe (size before relaxing)
 .debug_str     0x0000000000031792      0xef2 ./source/Command_Processor.o
                                      0x31f5a (size before relaxing)
 .debug_str     0x0000000000032684      0x362 ./source/GPIO_RESET.o
                                      0x31f29 (size before relaxing)
 .debug_str     0x00000000000329e6       0xb3 ./source/I2C.o
                                      0x31d21 (size before relaxing)
 .debug_str     0x0000000000032a99       0x78 ./source/MMA8451.o
                                      0x31cfb (size before relaxing)
 .debug_str     0x0000000000032b11      0x157 ./source/PES_FINAL_PROJECT.o
                                      0x32029 (size before relaxing)
 .debug_str     0x0000000000032c68       0xab ./source/PWM.o
                                      0x31d28 (size before relaxing)
 .debug_str     0x0000000000032d13       0xc8 ./source/State_Machine.o
                                      0x31f2a (size before relaxing)
 .debug_str     0x0000000000032ddb       0xb9 ./source/Systick.o
                                      0x31e7c (size before relaxing)
 .debug_str     0x0000000000032e94       0x8d ./source/TSI_Init.o
                                      0x31faf (size before relaxing)
 .debug_str     0x0000000000032f21       0x5a ./source/Test_MMA8451.o
                                      0x3076c (size before relaxing)
 .debug_str     0x0000000000032f7b       0xb1 ./source/Test_cbfifo.o
                                      0x31d8c (size before relaxing)
 .debug_str     0x000000000003302c       0x9c ./source/UART.o
                                      0x3211a (size before relaxing)
 .debug_str     0x00000000000330c8       0xb9 ./source/cbfifo.o
                                      0x3181f (size before relaxing)
 .debug_str     0x0000000000033181      0x532 ./source/mtb.o
                                       0x321e (size before relaxing)
 .debug_str     0x00000000000336b3       0x1f ./source/semihost_hardfault.o
                                       0x2d0b (size before relaxing)
 .debug_str     0x00000000000336d2       0x38 ./source/sysclock.o
                                      0x28ca2 (size before relaxing)
 .debug_str     0x000000000003370a     0x1774 ./drivers/fsl_clock.o
                                      0x321d3 (size before relaxing)
 .debug_str     0x0000000000034e7e      0x95f ./drivers/fsl_lpsci.o
                                      0x317c2 (size before relaxing)
 .debug_str     0x00000000000357dd      0x832 ./drivers/fsl_uart.o
                                      0x317e5 (size before relaxing)
 .debug_str     0x000000000003600f       0x4c ./board/board.o
                                      0x311c7 (size before relaxing)
 .debug_str     0x000000000003605b      0x38a ./board/clock_config.o
                                      0x31104 (size before relaxing)
 .debug_str     0x00000000000363e5       0x31 ./board/peripherals.o
                                       0x2d1c (size before relaxing)
 .debug_str     0x0000000000036416      0x1e1 ./board/pin_mux.o
                                      0x3084b (size before relaxing)
 .debug_str     0x00000000000365f7       0x4f ./CMSIS/system_MKL25Z4.o
                                      0x2fb4d (size before relaxing)

.comment        0x0000000000000000       0x49
 .comment       0x0000000000000000       0x49 ./utilities/fsl_debug_console.o
                                         0x4a (size before relaxing)
 .comment       0x0000000000000049       0x4a ./startup/startup_mkl25z4.o
 .comment       0x0000000000000049       0x4a ./source/Command_Processor.o
 .comment       0x0000000000000049       0x4a ./source/GPIO_RESET.o
 .comment       0x0000000000000049       0x4a ./source/I2C.o
 .comment       0x0000000000000049       0x4a ./source/MMA8451.o
 .comment       0x0000000000000049       0x4a ./source/PES_FINAL_PROJECT.o
 .comment       0x0000000000000049       0x4a ./source/PWM.o
 .comment       0x0000000000000049       0x4a ./source/State_Machine.o
 .comment       0x0000000000000049       0x4a ./source/Systick.o
 .comment       0x0000000000000049       0x4a ./source/TSI_Init.o
 .comment       0x0000000000000049       0x4a ./source/Test_MMA8451.o
 .comment       0x0000000000000049       0x4a ./source/Test_cbfifo.o
 .comment       0x0000000000000049       0x4a ./source/UART.o
 .comment       0x0000000000000049       0x4a ./source/cbfifo.o
 .comment       0x0000000000000049       0x4a ./source/mtb.o
 .comment       0x0000000000000049       0x4a ./source/semihost_hardfault.o
 .comment       0x0000000000000049       0x4a ./source/sysclock.o
 .comment       0x0000000000000049       0x4a ./drivers/fsl_clock.o
 .comment       0x0000000000000049       0x4a ./drivers/fsl_lpsci.o
 .comment       0x0000000000000049       0x4a ./drivers/fsl_uart.o
 .comment       0x0000000000000049       0x4a ./board/board.o
 .comment       0x0000000000000049       0x4a ./board/clock_config.o
 .comment       0x0000000000000049       0x4a ./board/peripherals.o
 .comment       0x0000000000000049       0x4a ./board/pin_mux.o
 .comment       0x0000000000000049       0x4a ./CMSIS/system_MKL25Z4.o
 .comment       0x0000000000000049       0x4a /Applications/MCUXpressoIDE_11.6.1_8255/ide/plugins/com.nxp.mcuxpresso.tools.macosx_11.6.1.202207200623/tools/bin/../lib/gcc/arm-none-eabi/10.3.1/../../../../arm-none-eabi/lib/thumb/v6-m/nofp/libcr_semihost_nf.a(__ciob.o)
 .comment       0x0000000000000049       0x4a /Applications/MCUXpressoIDE_11.6.1_8255/ide/plugins/com.nxp.mcuxpresso.tools.macosx_11.6.1.202207200623/tools/bin/../lib/gcc/arm-none-eabi/10.3.1/../../../../arm-none-eabi/lib/thumb/v6-m/nofp/libcr_semihost_nf.a(_cr__main.o)
 .comment       0x0000000000000049       0x4a /Applications/MCUXpressoIDE_11.6.1_8255/ide/plugins/com.nxp.mcuxpresso.tools.macosx_11.6.1.202207200623/tools/bin/../lib/gcc/arm-none-eabi/10.3.1/../../../../arm-none-eabi/lib/thumb/v6-m/nofp/libcr_semihost_nf.a(_cr_assert.o)
 .comment       0x0000000000000049       0x4a /Applications/MCUXpressoIDE_11.6.1_8255/ide/plugins/com.nxp.mcuxpresso.tools.macosx_11.6.1.202207200623/tools/bin/../lib/gcc/arm-none-eabi/10.3.1/../../../../arm-none-eabi/lib/thumb/v6-m/nofp/libcr_c.a(memset.o)
 .comment       0x0000000000000049       0x4a /Applications/MCUXpressoIDE_11.6.1_8255/ide/plugins/com.nxp.mcuxpresso.tools.macosx_11.6.1.202207200623/tools/bin/../lib/gcc/arm-none-eabi/10.3.1/../../../../arm-none-eabi/lib/thumb/v6-m/nofp/libcr_c.a(__fillbuf.o)
 .comment       0x0000000000000049       0x4a /Applications/MCUXpressoIDE_11.6.1_8255/ide/plugins/com.nxp.mcuxpresso.tools.macosx_11.6.1.202207200623/tools/bin/../lib/gcc/arm-none-eabi/10.3.1/../../../../arm-none-eabi/lib/thumb/v6-m/nofp/libcr_c.a(_deferredlazyseek.o)
 .comment       0x0000000000000049       0x4a /Applications/MCUXpressoIDE_11.6.1_8255/ide/plugins/com.nxp.mcuxpresso.tools.macosx_11.6.1.202207200623/tools/bin/../lib/gcc/arm-none-eabi/10.3.1/../../../../arm-none-eabi/lib/thumb/v6-m/nofp/libcr_c.a(_fflush.o)
 .comment       0x0000000000000049       0x4a /Applications/MCUXpressoIDE_11.6.1_8255/ide/plugins/com.nxp.mcuxpresso.tools.macosx_11.6.1.202207200623/tools/bin/../lib/gcc/arm-none-eabi/10.3.1/../../../../arm-none-eabi/lib/thumb/v6-m/nofp/libcr_c.a(_writebuf.o)
 .comment       0x0000000000000049       0x4a /Applications/MCUXpressoIDE_11.6.1_8255/ide/plugins/com.nxp.mcuxpresso.tools.macosx_11.6.1.202207200623/tools/bin/../lib/gcc/arm-none-eabi/10.3.1/../../../../arm-none-eabi/lib/thumb/v6-m/nofp/libcr_c.a(alloc.o)
 .comment       0x0000000000000049       0x4a /Applications/MCUXpressoIDE_11.6.1_8255/ide/plugins/com.nxp.mcuxpresso.tools.macosx_11.6.1.202207200623/tools/bin/../lib/gcc/arm-none-eabi/10.3.1/../../../../arm-none-eabi/lib/thumb/v6-m/nofp/libcr_c.a(atan2.o)
 .comment       0x0000000000000049       0x4a /Applications/MCUXpressoIDE_11.6.1_8255/ide/plugins/com.nxp.mcuxpresso.tools.macosx_11.6.1.202207200623/tools/bin/../lib/gcc/arm-none-eabi/10.3.1/../../../../arm-none-eabi/lib/thumb/v6-m/nofp/libcr_c.a(errno.o)
 .comment       0x0000000000000049       0x4a /Applications/MCUXpressoIDE_11.6.1_8255/ide/plugins/com.nxp.mcuxpresso.tools.macosx_11.6.1.202207200623/tools/bin/../lib/gcc/arm-none-eabi/10.3.1/../../../../arm-none-eabi/lib/thumb/v6-m/nofp/libcr_c.a(fabs.o)
 .comment       0x0000000000000049       0x4a /Applications/MCUXpressoIDE_11.6.1_8255/ide/plugins/com.nxp.mcuxpresso.tools.macosx_11.6.1.202207200623/tools/bin/../lib/gcc/arm-none-eabi/10.3.1/../../../../arm-none-eabi/lib/thumb/v6-m/nofp/libcr_c.a(fpprintf.o)
 .comment       0x0000000000000049       0x4a /Applications/MCUXpressoIDE_11.6.1_8255/ide/plugins/com.nxp.mcuxpresso.tools.macosx_11.6.1.202207200623/tools/bin/../lib/gcc/arm-none-eabi/10.3.1/../../../../arm-none-eabi/lib/thumb/v6-m/nofp/libcr_c.a(fputs.o)
 .comment       0x0000000000000049       0x4a /Applications/MCUXpressoIDE_11.6.1_8255/ide/plugins/com.nxp.mcuxpresso.tools.macosx_11.6.1.202207200623/tools/bin/../lib/gcc/arm-none-eabi/10.3.1/../../../../arm-none-eabi/lib/thumb/v6-m/nofp/libcr_c.a(fseek.o)
 .comment       0x0000000000000049       0x4a /Applications/MCUXpressoIDE_11.6.1_8255/ide/plugins/com.nxp.mcuxpresso.tools.macosx_11.6.1.202207200623/tools/bin/../lib/gcc/arm-none-eabi/10.3.1/../../../../arm-none-eabi/lib/thumb/v6-m/nofp/libcr_c.a(ftell.o)
 .comment       0x0000000000000049       0x4a /Applications/MCUXpressoIDE_11.6.1_8255/ide/plugins/com.nxp.mcuxpresso.tools.macosx_11.6.1.202207200623/tools/bin/../lib/gcc/arm-none-eabi/10.3.1/../../../../arm-none-eabi/lib/thumb/v6-m/nofp/libcr_c.a(initio.o)
 .comment       0x0000000000000049       0x4a /Applications/MCUXpressoIDE_11.6.1_8255/ide/plugins/com.nxp.mcuxpresso.tools.macosx_11.6.1.202207200623/tools/bin/../lib/gcc/arm-none-eabi/10.3.1/../../../../arm-none-eabi/lib/thumb/v6-m/nofp/libcr_c.a(printf.o)
 .comment       0x0000000000000049       0x4a /Applications/MCUXpressoIDE_11.6.1_8255/ide/plugins/com.nxp.mcuxpresso.tools.macosx_11.6.1.202207200623/tools/bin/../lib/gcc/arm-none-eabi/10.3.1/../../../../arm-none-eabi/lib/thumb/v6-m/nofp/libcr_c.a(setvbuf.o)
 .comment       0x0000000000000049       0x4a /Applications/MCUXpressoIDE_11.6.1_8255/ide/plugins/com.nxp.mcuxpresso.tools.macosx_11.6.1.202207200623/tools/bin/../lib/gcc/arm-none-eabi/10.3.1/../../../../arm-none-eabi/lib/thumb/v6-m/nofp/libcr_c.a(sqrt.o)
 .comment       0x0000000000000049       0x4a /Applications/MCUXpressoIDE_11.6.1_8255/ide/plugins/com.nxp.mcuxpresso.tools.macosx_11.6.1.202207200623/tools/bin/../lib/gcc/arm-none-eabi/10.3.1/../../../../arm-none-eabi/lib/thumb/v6-m/nofp/libcr_c.a(strcasecmp.o)